******************************************************************************
                  TI ARM Linker PC v15.12.1                    
******************************************************************************
>> Linked Tue Oct 25 12:21:14 2016

OUTPUT FILE NAME:   <Lab04.out>
ENTRY POINT SYMBOL: "_c_int00"  address: 00002601


MEMORY CONFIGURATION

         name            origin    length      used     unused   attr    fill
----------------------  --------  ---------  --------  --------  ----  --------
  FLASH                 00000000   00040000  00002a55  0003d5ab  R  X
  SRAM                  20000000   00008000  00000aea  00007516  RW X


SEGMENT ALLOCATION MAP

run origin  load origin   length   init length attrs members
----------  ----------- ---------- ----------- ----- -------
00000000    00000000    00002a5c   00002a5c    r-x
  00000000    00000000    0000026c   0000026c    r-- .intvecs
  0000026c    0000026c    00002684   00002684    r-x .text
  000028f0    000028f0    00000109   00000109    r-- .const
  00002a00    00002a00    0000005c   0000005c    r-- .cinit
20000000    20000000    00000aed   00000000    rw-
  20000000    20000000    0000026c   00000000    rw- .vtable
  2000026c    2000026c    00000800   00000000    rw- .stack
  20000a6c    20000a6c    00000055   00000000    rw- .bss
  20000ac4    20000ac4    00000029   00000000    rw- .data


SECTION ALLOCATION MAP

 output                                  attributes/
section   page    origin      length       input sections
--------  ----  ----------  ----------   ----------------
.intvecs   0    00000000    0000026c     
                  00000000    0000026c     tm4c123gh6pm_startup_ccs.obj (.intvecs)

.text      0    0000026c    00002684     
                  0000026c    00001110     rtsv7M4_T_le_v4SPD16_eabi.lib : _printfi.obj (.text)
                  0000137c    000002ec     lcd.obj (.text)
                  00001668    00000224     clock_intr.obj (.text)
                  0000188c    000001f4     rtsv7M4_T_le_v4SPD16_eabi.lib : ull_div_t2.obj (.text)
                  00001a80    000001b6                                   : fd_add_t2.obj (.text)
                  00001c36    00000002                                   : mpu_init.obj (.text)
                  00001c38    00000158     timer.obj (.text)
                  00001d90    00000136     rtsv7M4_T_le_v4SPD16_eabi.lib : fd_div_t2.obj (.text)
                  00001ec6    00000002                                   : startup.obj (.text)
                  00001ec8    000000fc     button.obj (.text)
                  00001fc4    000000fc     rtsv7M4_T_le_v4SPD16_eabi.lib : fd_mul_t2.obj (.text)
                  000020c0    000000fc                                   : s_scalbn.obj (.text)
                  000021bc    0000009c                                   : memcpy_t2.obj (.text)
                  00002258    00000088                                   : vsnprintf.obj (.text)
                  000022e0    00000086                                   : fd_cmp_t2.obj (.text:__aeabi_cdcmple)
                  00002366    00000086                                   : fd_cmp_t2.obj (.text:__aeabi_cdrcmple)
                  000023ec    0000007a                                   : memset_t2.obj (.text)
                  00002466    00000002     --HOLE-- [fill = 0]
                  00002468    00000070                                   : autoinit.obj (.text)
                  000024d8    0000006a                                   : copy_decompress_rle.obj (.text)
                  00002542    00000002     --HOLE-- [fill = 0]
                  00002544    00000064                                   : s_frexp.obj (.text)
                  000025a8    00000056                                   : ltoa.obj (.text)
                  000025fe    00000002     --HOLE-- [fill = 0]
                  00002600    00000054                                   : boot.obj (.text)
                  00002654    00000054                                   : exit.obj (.text)
                  000026a8    0000004c                                   : atoi.obj (.text)
                  000026f4    0000004c                                   : cpy_tbl.obj (.text)
                  00002740    00000048                                   : fd_toi_t2.obj (.text)
                  00002788    00000034     driverlib.lib : interrupt.obj (.text:IntRegister)
                  000027bc    0000002e     rtsv7M4_T_le_v4SPD16_eabi.lib : i_tofd_t2.obj (.text)
                  000027ea    0000001c                                   : memccpy.obj (.text)
                  00002806    00000002     --HOLE-- [fill = 0]
                  00002808    00000018                                   : args_main.obj (.text)
                  00002820    00000018                                   : strcmp.obj (.text)
                  00002838    00000016                                   : strchr.obj (.text)
                  0000284e    00000002     --HOLE-- [fill = 0]
                  00002850    00000014                                   : _lock.obj (.text)
                  00002864    00000014                                   : s_copysign.obj (.text)
                  00002878    00000014                                   : strcpy.obj (.text)
                  0000288c    00000014                                   : strlen.obj (.text)
                  000028a0    00000010     driverlib.lib : interrupt.obj (.text:IntMasterEnable)
                  000028b0    00000010     lcd.obj (.text:lcd_clear)
                  000028c0    0000000e     rtsv7M4_T_le_v4SPD16_eabi.lib : copy_decompress_none.obj (.text:decompress:none)
                  000028ce    0000000c     driverlib.lib : cpu.obj (.text:CPUcpsie)
                  000028da    0000000c     tm4c123gh6pm_startup_ccs.obj (.text)
                  000028e6    00000006     rtsv7M4_T_le_v4SPD16_eabi.lib : copy_decompress_rle.obj (.text:decompress:rle24)
                  000028ec    00000004                                   : pre_init.obj (.text)

.const     0    000028f0    00000109     
                  000028f0    00000101     rtsv7M4_T_le_v4SPD16_eabi.lib : ctype.obj (.const:.string:_ctypes_)
                  000029f1    00000004     lcd.obj (.const:.string:lineAddress$1)
                  000029f5    00000004     lcd.obj (.const:.string:lineAddresses$2)

.cinit     0    00002a00    0000005c     
                  00002a00    0000001e     (.cinit..data.load) [load image, compression = rle]
                  00002a1e    00000002     --HOLE-- [fill = 0]
                  00002a20    0000000b     (.cinit..vtable.load) [load image, compression = rle]
                  00002a2b    00000005     --HOLE-- [fill = 0]
                  00002a30    00000009     (.cinit..bss.load) [load image, compression = rle]
                  00002a39    00000003     --HOLE-- [fill = 0]
                  00002a3c    00000008     (__TI_handler_table)
                  00002a44    00000018     (__TI_cinit_table)

.init_array 
*          0    00000000    00000000     UNINITIALIZED

.vtable    0    20000000    0000026c     UNINITIALIZED
                  20000000    0000026c     driverlib.lib : interrupt.obj (.vtable)

.stack     0    2000026c    00000800     UNINITIALIZED
                  2000026c    00000800     --HOLE--

.bss       0    20000a6c    00000055     UNINITIALIZED
                  20000a6c    00000054     lcd.obj (.bss:lastbuffer$3)
                  20000ac0    00000001     (.common:_prevButton)

.data      0    20000ac4    00000029     UNINITIALIZED
                  20000ac4    0000000c     rtsv7M4_T_le_v4SPD16_eabi.lib : exit.obj (.data:$O1$$)
                  20000ad0    0000000c     clock_intr.obj (.data)
                  20000adc    00000008     rtsv7M4_T_le_v4SPD16_eabi.lib : _lock.obj (.data:$O1$$)
                  20000ae4    00000004                                   : errno.obj (.data)
                  20000ae8    00000004                                   : stkdepth_vars.obj (.data)
                  20000aec    00000001     button.obj (.data)

MODULE SUMMARY

       Module                         code   ro data   rw data
       ------                         ----   -------   -------
    .\
       lcd.obj                        764    8         84     
       tm4c123gh6pm_startup_ccs.obj   12     620       0      
       clock_intr.obj                 548    0         12     
       timer.obj                      344    0         0      
       button.obj                     252    0         2      
    +--+------------------------------+------+---------+---------+
       Total:                         1920   628       98     
                                                              
    C:/ti/TivaWare_C_Series-2.1.2.111/driverlib/ccs/Debug/driverlib.lib
       interrupt.obj                  68     0         620    
       cpu.obj                        12     0         0      
    +--+------------------------------+------+---------+---------+
       Total:                         80     0         620    
                                                              
    C:\ti\ccsv6\tools\compiler\ti-cgt-arm_15.12.1.LTS\lib\rtsv7M4_T_le_v4SPD16_eabi.lib
       _printfi.obj                   4368   0         0      
       ull_div_t2.obj                 500    0         0      
       fd_add_t2.obj                  438    0         0      
       fd_div_t2.obj                  310    0         0      
       fd_cmp_t2.obj                  268    0         0      
       ctype.obj                      0      257       0      
       fd_mul_t2.obj                  252    0         0      
       s_scalbn.obj                   252    0         0      
       memcpy_t2.obj                  156    0         0      
       vsnprintf.obj                  136    0         0      
       memset_t2.obj                  122    0         0      
       autoinit.obj                   112    0         0      
       copy_decompress_rle.obj        112    0         0      
       s_frexp.obj                    100    0         0      
       exit.obj                       84     0         12     
       ltoa.obj                       86     0         0      
       boot.obj                       84     0         0      
       atoi.obj                       76     0         0      
       cpy_tbl.obj                    76     0         0      
       fd_toi_t2.obj                  72     0         0      
       i_tofd_t2.obj                  46     0         0      
       _lock.obj                      20     0         8      
       memccpy.obj                    28     0         0      
       args_main.obj                  24     0         0      
       strcmp.obj                     24     0         0      
       strchr.obj                     22     0         0      
       s_copysign.obj                 20     0         0      
       strcpy.obj                     20     0         0      
       strlen.obj                     20     0         0      
       copy_decompress_none.obj       14     0         0      
       errno.obj                      0      0         4      
       pre_init.obj                   4      0         0      
       stkdepth_vars.obj              0      0         4      
       mpu_init.obj                   2      0         0      
       startup.obj                    2      0         0      
    +--+------------------------------+------+---------+---------+
       Total:                         7850   257       28     
                                                              
       Stack:                         0      0         2048   
       Linker Generated:              0      82        0      
    +--+------------------------------+------+---------+---------+
       Grand Total:                   9850   967       2794   


LINKER GENERATED COPY TABLES

__TI_cinit_table @ 00002a44 records: 3, size/record: 8, table size: 24
	.data: load addr=00002a00, load size=0000001e bytes, run addr=20000ac4, run size=00000029 bytes, compression=rle
	.vtable: load addr=00002a20, load size=0000000b bytes, run addr=20000000, run size=0000026c bytes, compression=rle
	.bss: load addr=00002a30, load size=00000009 bytes, run addr=20000a6c, run size=00000055 bytes, compression=rle


LINKER GENERATED HANDLER TABLE

__TI_handler_table @ 00002a3c records: 2, size/record: 4, table size: 8
	index: 0, handler: __TI_decompress_rle24
	index: 1, handler: __TI_decompress_none


GLOBAL SYMBOLS: SORTED ALPHABETICALLY BY Name 

address   name                           
-------   ----                           
00002655  C$$EXIT                        
000028cf  CPUcpsie                       
000028a1  IntMasterEnable                
00002789  IntRegister                    
000028db  ResetISR                       
UNDEFED   SHT$$INIT_ARRAY$$Base          
UNDEFED   SHT$$INIT_ARRAY$$Limit         
00001669  TIMER4A_Handler                
000016b3  TIMER4B_Handler                
20000a6c  __STACK_END                    
00000800  __STACK_SIZE                   
2000046c  __STACK_TOP                    
00002a44  __TI_CINIT_Base                
00002a5c  __TI_CINIT_Limit               
00002a3c  __TI_Handler_Table_Base        
00002a44  __TI_Handler_Table_Limit       
00002469  __TI_auto_init                 
20000ac4  __TI_cleanup_ptr               
000028c1  __TI_decompress_none           
000028e7  __TI_decompress_rle24          
20000ac8  __TI_dtors_ptr                 
20000acc  __TI_enable_exit_profile_output
ffffffff  __TI_pprof_out_hndl            
00001077  __TI_printfi                   
ffffffff  __TI_prof_data_size            
ffffffff  __TI_prof_data_start           
00000000  __TI_static_base__             
000022e1  __aeabi_cdcmpeq                
000022e1  __aeabi_cdcmple                
00002367  __aeabi_cdrcmple               
00002741  __aeabi_d2iz                   
00001a8b  __aeabi_dadd                   
00001d91  __aeabi_ddiv                   
00001fc5  __aeabi_dmul                   
00001a81  __aeabi_dsub                   
000027bd  __aeabi_i2d                    
000023ed  __aeabi_memclr                 
000023ed  __aeabi_memclr4                
000023ed  __aeabi_memclr8                
000021bd  __aeabi_memcpy                 
000021bd  __aeabi_memcpy4                
000021bd  __aeabi_memcpy8                
000023ef  __aeabi_memset                 
000023ef  __aeabi_memset4                
000023ef  __aeabi_memset8                
0000188d  __aeabi_uldivmod               
ffffffff  __binit__                      
ffffffff  __c_args__                     
00001c37  __mpu_init                     
2000026c  __stack                        
00002809  _args_main                     
00002601  _c_int00                       
000028f0  _ctypes_                       
20000adc  _lock                          
0000285f  _nop                           
20000ac0  _prevButton                    
00002857  _register_lock                 
00002851  _register_unlock               
00001ec7  _system_post_cinit             
000028ed  _system_pre_init               
20000ae0  _unlock                        
00002659  abort                          
000026a9  atoi                           
ffffffff  binit                          
00001ef5  button_checkButtons            
00001eff  button_getButton               
00001f57  button_getButtonBlocking       
00001f6b  button_getButtonChange         
00001f95  button_getButtonChangeBlocking 
00001ec9  button_init                    
0000177d  clock_timer_init               
000026f5  copy_in                        
00002865  copysign                       
00002865  copysignl                      
20000ae4  errno                          
00002661  exit                           
00002545  frexp                          
00002545  frexpl                         
20000000  g_pfnRAMVectors                
00000000  g_pfnVectors                   
20000ad0  hours                          
000028b1  lcd_clear                      
00001515  lcd_gotoLine                   
0000137d  lcd_init                       
0000157b  lcd_printf                     
0000143d  lcd_putc                       
00001475  lcd_puts                       
00001493  lcd_sendCommand                
000014d1  lcd_sendNibble                 
0000153d  lcd_setCursorPos               
000020c1  ldexp                          
000020c1  ldexpl                         
000025a9  ltoa                           
00001801  main                           
20000ae8  main_func_sp                   
000027eb  memccpy                        
000021bd  memcpy                         
000023f5  memset                         
20000ad4  mins                           
000020c1  scalbn                         
000020c1  scalbnl                        
20000ad8  secs                           
00002839  strchr                         
00002821  strcmp                         
00002879  strcpy                         
0000288d  strlen                         
00001d49  timer_getClock                 
00001cfd  timer_startClock               
00001c97  timer_startTimer               
00001d4f  timer_stopClock                
00001ce7  timer_stopTimer                
00001c6d  timer_waitMicros               
00001c39  timer_waitMillis               
00002259  vsnprintf                      


GLOBAL SYMBOLS: SORTED BY Symbol Address 

address   name                           
-------   ----                           
00000000  __TI_static_base__             
00000000  g_pfnVectors                   
00000800  __STACK_SIZE                   
00001077  __TI_printfi                   
0000137d  lcd_init                       
0000143d  lcd_putc                       
00001475  lcd_puts                       
00001493  lcd_sendCommand                
000014d1  lcd_sendNibble                 
00001515  lcd_gotoLine                   
0000153d  lcd_setCursorPos               
0000157b  lcd_printf                     
00001669  TIMER4A_Handler                
000016b3  TIMER4B_Handler                
0000177d  clock_timer_init               
00001801  main                           
0000188d  __aeabi_uldivmod               
00001a81  __aeabi_dsub                   
00001a8b  __aeabi_dadd                   
00001c37  __mpu_init                     
00001c39  timer_waitMillis               
00001c6d  timer_waitMicros               
00001c97  timer_startTimer               
00001ce7  timer_stopTimer                
00001cfd  timer_startClock               
00001d49  timer_getClock                 
00001d4f  timer_stopClock                
00001d91  __aeabi_ddiv                   
00001ec7  _system_post_cinit             
00001ec9  button_init                    
00001ef5  button_checkButtons            
00001eff  button_getButton               
00001f57  button_getButtonBlocking       
00001f6b  button_getButtonChange         
00001f95  button_getButtonChangeBlocking 
00001fc5  __aeabi_dmul                   
000020c1  ldexp                          
000020c1  ldexpl                         
000020c1  scalbn                         
000020c1  scalbnl                        
000021bd  __aeabi_memcpy                 
000021bd  __aeabi_memcpy4                
000021bd  __aeabi_memcpy8                
000021bd  memcpy                         
00002259  vsnprintf                      
000022e1  __aeabi_cdcmpeq                
000022e1  __aeabi_cdcmple                
00002367  __aeabi_cdrcmple               
000023ed  __aeabi_memclr                 
000023ed  __aeabi_memclr4                
000023ed  __aeabi_memclr8                
000023ef  __aeabi_memset                 
000023ef  __aeabi_memset4                
000023ef  __aeabi_memset8                
000023f5  memset                         
00002469  __TI_auto_init                 
00002545  frexp                          
00002545  frexpl                         
000025a9  ltoa                           
00002601  _c_int00                       
00002655  C$$EXIT                        
00002659  abort                          
00002661  exit                           
000026a9  atoi                           
000026f5  copy_in                        
00002741  __aeabi_d2iz                   
00002789  IntRegister                    
000027bd  __aeabi_i2d                    
000027eb  memccpy                        
00002809  _args_main                     
00002821  strcmp                         
00002839  strchr                         
00002851  _register_unlock               
00002857  _register_lock                 
0000285f  _nop                           
00002865  copysign                       
00002865  copysignl                      
00002879  strcpy                         
0000288d  strlen                         
000028a1  IntMasterEnable                
000028b1  lcd_clear                      
000028c1  __TI_decompress_none           
000028cf  CPUcpsie                       
000028db  ResetISR                       
000028e7  __TI_decompress_rle24          
000028ed  _system_pre_init               
000028f0  _ctypes_                       
00002a3c  __TI_Handler_Table_Base        
00002a44  __TI_CINIT_Base                
00002a44  __TI_Handler_Table_Limit       
00002a5c  __TI_CINIT_Limit               
20000000  g_pfnRAMVectors                
2000026c  __stack                        
2000046c  __STACK_TOP                    
20000a6c  __STACK_END                    
20000ac0  _prevButton                    
20000ac4  __TI_cleanup_ptr               
20000ac8  __TI_dtors_ptr                 
20000acc  __TI_enable_exit_profile_output
20000ad0  hours                          
20000ad4  mins                           
20000ad8  secs                           
20000adc  _lock                          
20000ae0  _unlock                        
20000ae4  errno                          
20000ae8  main_func_sp                   
ffffffff  __TI_pprof_out_hndl            
ffffffff  __TI_prof_data_size            
ffffffff  __TI_prof_data_start           
ffffffff  __binit__                      
ffffffff  __c_args__                     
ffffffff  binit                          
UNDEFED   SHT$$INIT_ARRAY$$Base          
UNDEFED   SHT$$INIT_ARRAY$$Limit         

[114 symbols]
