******************************************************************************
                  TI ARM Linker PC v15.12.1                    
******************************************************************************
>> Linked Tue Nov 08 12:56:47 2016

OUTPUT FILE NAME:   <lab9.out>
ENTRY POINT SYMBOL: "_c_int00"  address: 00003c31


MEMORY CONFIGURATION

         name            origin    length      used     unused   attr    fill
----------------------  --------  ---------  --------  --------  ----  --------
  FLASH                 00000000   00040000  00004205  0003bdfb  R  X
  SRAM                  20000000   00008000  00000b30  000074d0  RW X


SEGMENT ALLOCATION MAP

run origin  load origin   length   init length attrs members
----------  ----------- ---------- ----------- ----- -------
00000000    00000000    0000420c   0000420c    r-x
  00000000    00000000    0000026c   0000026c    r-- .intvecs
  0000026c    0000026c    00003cd4   00003cd4    r-x .text
  00003f40    00003f40    00000261   00000261    r-- .const
  000041a8    000041a8    00000064   00000064    r-- .cinit
20000000    20000000    00000b30   00000000    rw-
  20000000    20000000    0000026c   00000000    rw- .vtable
  2000026c    2000026c    00000800   00000000    rw- .stack
  20000a6c    20000a6c    00000090   00000000    rw- .bss
  20000afc    20000afc    00000034   00000000    rw- .data


SECTION ALLOCATION MAP

 output                                  attributes/
section   page    origin      length       input sections
--------  ----  ----------  ----------   ----------------
.intvecs   0    00000000    0000026c     
                  00000000    0000026c     tm4c1232h6pm_startup_ccs.obj (.intvecs)

.text      0    0000026c    00003cd4     
                  0000026c    00001110     rtsv7M4_T_le_v4SPD16_eabi.lib : _printfi.obj (.text)
                  0000137c    00000740                                   : k_rem_pio2.obj (.text)
                  00001abc    000005fc     main.obj (.text)
                  000020b8    000005d0     rtsv7M4_T_le_v4SPD16_eabi.lib : s_sin.obj (.text)
                  00002688    000002ec     lcd.obj (.text)
                  00002974    0000020c     uart.obj (.text)
                  00002b80    000001f4     rtsv7M4_T_le_v4SPD16_eabi.lib : ull_div_t2.obj (.text)
                  00002d74    000001b6                                   : fd_add_t2.obj (.text)
                  00002f2a    00000002                                   : mpu_init.obj (.text)
                  00002f2c    00000174                                   : k_sin.obj (.text)
                  000030a0    0000016c                                   : k_cos.obj (.text)
                  0000320c    00000158     Timer.obj (.text)
                  00003364    00000136     rtsv7M4_T_le_v4SPD16_eabi.lib : fd_div_t2.obj (.text)
                  0000349a    000000fc                                   : fd_mul_t2.obj (.text)
                  00003596    00000002                                   : startup.obj (.text)
                  00003598    000000fc                                   : s_scalbn.obj (.text)
                  00003694    000000f8                                   : s_floor.obj (.text)
                  0000378c    0000009c                                   : memcpy_t2.obj (.text)
                  00003828    00000088                                   : vsnprintf.obj (.text)
                  000038b0    00000086                                   : fd_cmp_t2.obj (.text:__aeabi_cdcmple)
                  00003936    00000086                                   : fd_cmp_t2.obj (.text:__aeabi_cdrcmple)
                  000039bc    0000007a                                   : memset_t2.obj (.text)
                  00003a36    00000002     --HOLE-- [fill = 0]
                  00003a38    00000070                                   : autoinit.obj (.text)
                  00003aa8    0000006a                                   : copy_decompress_rle.obj (.text)
                  00003b12    00000002     --HOLE-- [fill = 0]
                  00003b14    00000064                                   : s_frexp.obj (.text)
                  00003b78    00000060                                   : sprintf.obj (.text)
                  00003bd8    00000056                                   : ltoa.obj (.text)
                  00003c2e    00000002     --HOLE-- [fill = 0]
                  00003c30    00000054                                   : boot.obj (.text)
                  00003c84    00000054                                   : exit.obj (.text)
                  00003cd8    0000004c                                   : atoi.obj (.text)
                  00003d24    0000004c                                   : cpy_tbl.obj (.text)
                  00003d70    00000048                                   : fd_toi_t2.obj (.text)
                  00003db8    00000034     driverlib.lib : interrupt.obj (.text:IntRegister)
                  00003dec    0000002e     rtsv7M4_T_le_v4SPD16_eabi.lib : i_tofd_t2.obj (.text)
                  00003e1a    00000020                                   : u_tofd_t2.obj (.text)
                  00003e3a    0000001c                                   : memccpy.obj (.text)
                  00003e56    00000002     --HOLE-- [fill = 0]
                  00003e58    00000018                                   : args_main.obj (.text)
                  00003e70    00000018                                   : strcmp.obj (.text)
                  00003e88    00000016                                   : strchr.obj (.text)
                  00003e9e    00000002     --HOLE-- [fill = 0]
                  00003ea0    00000014                                   : _lock.obj (.text)
                  00003eb4    00000014                                   : s_copysign.obj (.text)
                  00003ec8    00000014                                   : strcpy.obj (.text)
                  00003edc    00000014                                   : strlen.obj (.text)
                  00003ef0    00000010     driverlib.lib : interrupt.obj (.text:IntMasterEnable)
                  00003f00    00000010     lcd.obj (.text:lcd_clear)
                  00003f10    0000000e     rtsv7M4_T_le_v4SPD16_eabi.lib : copy_decompress_none.obj (.text:decompress:none)
                  00003f1e    0000000c     driverlib.lib : cpu.obj (.text:CPUcpsie)
                  00003f2a    0000000c     tm4c1232h6pm_startup_ccs.obj (.text)
                  00003f36    00000006     rtsv7M4_T_le_v4SPD16_eabi.lib : copy_decompress_rle.obj (.text:decompress:rle24)
                  00003f3c    00000004                                   : pre_init.obj (.text)

.const     0    00003f40    00000261     
                  00003f40    00000158     rtsv7M4_T_le_v4SPD16_eabi.lib : k_rem_pio2.obj (.const:$O1$$)
                  00004098    00000101                                   : ctype.obj (.const:.string:_ctypes_)
                  00004199    00000004     lcd.obj (.const:.string:lineAddress$1)
                  0000419d    00000004     lcd.obj (.const:.string:lineAddresses$2)

.cinit     0    000041a8    00000064     
                  000041a8    00000023     (.cinit..data.load) [load image, compression = rle]
                  000041cb    00000005     --HOLE-- [fill = 0]
                  000041d0    0000000b     (.cinit..vtable.load) [load image, compression = rle]
                  000041db    00000005     --HOLE-- [fill = 0]
                  000041e0    00000009     (.cinit..bss.load) [load image, compression = rle]
                  000041e9    00000003     --HOLE-- [fill = 0]
                  000041ec    00000008     (__TI_handler_table)
                  000041f4    00000018     (__TI_cinit_table)

.init_array 
*          0    00000000    00000000     UNINITIALIZED

.vtable    0    20000000    0000026c     UNINITIALIZED
                  20000000    0000026c     driverlib.lib : interrupt.obj (.vtable)

.stack     0    2000026c    00000800     UNINITIALIZED
                  2000026c    00000800     --HOLE--

.bss       0    20000a6c    00000090     UNINITIALIZED
                  20000a6c    00000054     lcd.obj (.bss:lastbuffer$3)
                  20000ac0    00000034     (.common:isr_char_buffer)
                  20000af4    00000004     (.common:falling_time)
                  20000af8    00000004     (.common:rising_time)

.data      0    20000afc    00000034     UNINITIALIZED
                  20000afc    00000014     main.obj (.data)
                  20000b10    0000000c     rtsv7M4_T_le_v4SPD16_eabi.lib : exit.obj (.data:$O1$$)
                  20000b1c    00000008                                   : _lock.obj (.data:$O1$$)
                  20000b24    00000004                                   : errno.obj (.data)
                  20000b28    00000004                                   : stkdepth_vars.obj (.data)
                  20000b2c    00000004     uart.obj (.data)

MODULE SUMMARY

       Module                         code    ro data   rw data
       ------                         ----    -------   -------
    .\
       main.obj                       1532    0         28     
       lcd.obj                        764     8         84     
       tm4c1232h6pm_startup_ccs.obj   12      620       0      
       uart.obj                       524     0         56     
       Timer.obj                      344     0         0      
    +--+------------------------------+-------+---------+---------+
       Total:                         3176    628       168    
                                                               
    C:/ti/TivaWare_C_Series-2.1.2.111/driverlib/ccs/Debug/driverlib.lib
       interrupt.obj                  68      0         620    
       cpu.obj                        12      0         0      
    +--+------------------------------+-------+---------+---------+
       Total:                         80      0         620    
                                                               
    C:\ti\ccsv6\tools\compiler\ti-cgt-arm_15.12.1.LTS\lib\rtsv7M4_T_le_v4SPD16_eabi.lib
       _printfi.obj                   4368    0         0      
       k_rem_pio2.obj                 1856    344       0      
       s_sin.obj                      1488    0         0      
       ull_div_t2.obj                 500     0         0      
       fd_add_t2.obj                  438     0         0      
       k_sin.obj                      372     0         0      
       k_cos.obj                      364     0         0      
       fd_div_t2.obj                  310     0         0      
       fd_cmp_t2.obj                  268     0         0      
       ctype.obj                      0       257       0      
       fd_mul_t2.obj                  252     0         0      
       s_scalbn.obj                   252     0         0      
       s_floor.obj                    248     0         0      
       memcpy_t2.obj                  156     0         0      
       vsnprintf.obj                  136     0         0      
       memset_t2.obj                  122     0         0      
       autoinit.obj                   112     0         0      
       copy_decompress_rle.obj        112     0         0      
       s_frexp.obj                    100     0         0      
       exit.obj                       84      0         12     
       sprintf.obj                    96      0         0      
       ltoa.obj                       86      0         0      
       boot.obj                       84      0         0      
       atoi.obj                       76      0         0      
       cpy_tbl.obj                    76      0         0      
       fd_toi_t2.obj                  72      0         0      
       i_tofd_t2.obj                  46      0         0      
       u_tofd_t2.obj                  32      0         0      
       _lock.obj                      20      0         8      
       memccpy.obj                    28      0         0      
       args_main.obj                  24      0         0      
       strcmp.obj                     24      0         0      
       strchr.obj                     22      0         0      
       s_copysign.obj                 20      0         0      
       strcpy.obj                     20      0         0      
       strlen.obj                     20      0         0      
       copy_decompress_none.obj       14      0         0      
       errno.obj                      0       0         4      
       pre_init.obj                   4       0         0      
       stkdepth_vars.obj              0       0         4      
       mpu_init.obj                   2       0         0      
       startup.obj                    2       0         0      
    +--+------------------------------+-------+---------+---------+
       Total:                         12306   601       28     
                                                               
       Stack:                         0       0         2048   
       Linker Generated:              0       87        0      
    +--+------------------------------+-------+---------+---------+
       Grand Total:                   15562   1316      2864   


LINKER GENERATED COPY TABLES

__TI_cinit_table @ 000041f4 records: 3, size/record: 8, table size: 24
	.data: load addr=000041a8, load size=00000023 bytes, run addr=20000afc, run size=00000034 bytes, compression=rle
	.vtable: load addr=000041d0, load size=0000000b bytes, run addr=20000000, run size=0000026c bytes, compression=rle
	.bss: load addr=000041e0, load size=00000009 bytes, run addr=20000a6c, run size=00000090 bytes, compression=rle


LINKER GENERATED HANDLER TABLE

__TI_handler_table @ 000041ec records: 2, size/record: 4, table size: 8
	index: 0, handler: __TI_decompress_rle24
	index: 1, handler: __TI_decompress_none


GLOBAL SYMBOLS: SORTED ALPHABETICALLY BY Name 

address   name                           
-------   ----                           
00003c85  C$$EXIT                        
00003f1f  CPUcpsie                       
00003ef1  IntMasterEnable                
00003db9  IntRegister                    
00003f2b  ResetISR                       
UNDEFED   SHT$$INIT_ARRAY$$Base          
UNDEFED   SHT$$INIT_ARRAY$$Limit         
00001fd3  TIMER3B_Handler                
00002aef  UART1_Handler                  
20000a6c  __STACK_END                    
00000800  __STACK_SIZE                   
2000046c  __STACK_TOP                    
000041f4  __TI_CINIT_Base                
0000420c  __TI_CINIT_Limit               
000041ec  __TI_Handler_Table_Base        
000041f4  __TI_Handler_Table_Limit       
00003a39  __TI_auto_init                 
20000b10  __TI_cleanup_ptr               
00003f11  __TI_decompress_none           
00003f37  __TI_decompress_rle24          
20000b14  __TI_dtors_ptr                 
20000b18  __TI_enable_exit_profile_output
ffffffff  __TI_pprof_out_hndl            
00001077  __TI_printfi                   
ffffffff  __TI_prof_data_size            
ffffffff  __TI_prof_data_start           
00000000  __TI_static_base__             
000038b1  __aeabi_cdcmpeq                
000038b1  __aeabi_cdcmple                
00003937  __aeabi_cdrcmple               
00003d71  __aeabi_d2iz                   
00002d7f  __aeabi_dadd                   
00003365  __aeabi_ddiv                   
0000349b  __aeabi_dmul                   
00002d75  __aeabi_dsub                   
00003ded  __aeabi_i2d                    
000039bd  __aeabi_memclr                 
000039bd  __aeabi_memclr4                
000039bd  __aeabi_memclr8                
0000378d  __aeabi_memcpy                 
0000378d  __aeabi_memcpy4                
0000378d  __aeabi_memcpy8                
000039bf  __aeabi_memset                 
000039bf  __aeabi_memset4                
000039bf  __aeabi_memset8                
00003e1b  __aeabi_ui2d                   
00002b81  __aeabi_uldivmod               
ffffffff  __binit__                      
ffffffff  __c_args__                     
000030a1  __kernel_cos                   
0000137d  __kernel_rem_pio2              
00002f2d  __kernel_sin                   
00002f2b  __mpu_init                     
2000026c  __stack                        
00003e59  _args_main                     
00003c31  _c_int00                       
00004098  _ctypes_                       
20000b1c  _lock                          
00003eaf  _nop                           
00003ea7  _register_lock                 
00003ea1  _register_unlock               
00003597  _system_post_cinit             
00003f3d  _system_pre_init               
20000b20  _unlock                        
00003c89  abort                          
00003cd9  atoi                           
ffffffff  binit                          
00003d25  copy_in                        
00003eb5  copysign                       
00003eb5  copysignl                      
20000afc  count                          
20000b00  degrees                        
20000b24  errno                          
00003c91  exit                           
20000af4  falling_time                   
00003695  floor                          
00003695  floorl                         
00003b15  frexp                          
00003b15  frexpl                         
20000000  g_pfnRAMVectors                
00000000  g_pfnVectors                   
00001b77  handleObjectFound              
00001b5f  init_all                       
00001e49  ir_read                        
00001cb9  ir_timer_init                  
20000ac0  isr_char_buffer                
20000b2c  isr_counter                    
00003f01  lcd_clear                      
00002821  lcd_gotoLine                   
00002689  lcd_init                       
00002887  lcd_printf                     
00002749  lcd_putc                       
00002781  lcd_puts                       
0000279f  lcd_sendCommand                
000027dd  lcd_sendNibble                 
00002849  lcd_setCursorPos               
00003599  ldexp                          
00003599  ldexpl                         
00003bd9  ltoa                           
00001abd  main                           
20000b28  main_func_sp                   
00003e3b  memccpy                        
0000378d  memcpy                         
000039c5  memset                         
00001e17  move_servo                     
20000b04  objCount                       
00001e8f  ping_read                      
00001c45  radialToRealC                  
20000af8  rising_time                    
00003599  scalbn                         
00003599  scalbnl                        
00001ee1  send_pulse                     
00001d31  servo_timer_init               
000020b9  sin                            
000020b9  sinl                           
20000b08  smallestLocation               
20000b0c  smallestWidth                  
00001e69  sonar_read                     
00001f65  sonar_timer_init               
00003b79  sprintf                        
00003e89  strchr                         
00003e71  strcmp                         
00003ec9  strcpy                         
00003edd  strlen                         
00001ea9  time2dist                      
0000331d  timer_getClock                 
000032d1  timer_startClock               
0000326b  timer_startTimer               
00003323  timer_stopClock                
000032bb  timer_stopTimer                
00003241  timer_waitMicros               
0000320d  timer_waitMillis               
00001c97  toRadians                      
00002aad  uart_flush                     
00002975  uart_init                      
00002a6b  uart_receive                   
00002a41  uart_sendBuffer                
00002a25  uart_sendChar                  
00001c29  uart_sendNum                   
00002acb  uart_sendStr                   
00003829  vsnprintf                      


GLOBAL SYMBOLS: SORTED BY Symbol Address 

address   name                           
-------   ----                           
00000000  __TI_static_base__             
00000000  g_pfnVectors                   
00000800  __STACK_SIZE                   
00001077  __TI_printfi                   
0000137d  __kernel_rem_pio2              
00001abd  main                           
00001b5f  init_all                       
00001b77  handleObjectFound              
00001c29  uart_sendNum                   
00001c45  radialToRealC                  
00001c97  toRadians                      
00001cb9  ir_timer_init                  
00001d31  servo_timer_init               
00001e17  move_servo                     
00001e49  ir_read                        
00001e69  sonar_read                     
00001e8f  ping_read                      
00001ea9  time2dist                      
00001ee1  send_pulse                     
00001f65  sonar_timer_init               
00001fd3  TIMER3B_Handler                
000020b9  sin                            
000020b9  sinl                           
00002689  lcd_init                       
00002749  lcd_putc                       
00002781  lcd_puts                       
0000279f  lcd_sendCommand                
000027dd  lcd_sendNibble                 
00002821  lcd_gotoLine                   
00002849  lcd_setCursorPos               
00002887  lcd_printf                     
00002975  uart_init                      
00002a25  uart_sendChar                  
00002a41  uart_sendBuffer                
00002a6b  uart_receive                   
00002aad  uart_flush                     
00002acb  uart_sendStr                   
00002aef  UART1_Handler                  
00002b81  __aeabi_uldivmod               
00002d75  __aeabi_dsub                   
00002d7f  __aeabi_dadd                   
00002f2b  __mpu_init                     
00002f2d  __kernel_sin                   
000030a1  __kernel_cos                   
0000320d  timer_waitMillis               
00003241  timer_waitMicros               
0000326b  timer_startTimer               
000032bb  timer_stopTimer                
000032d1  timer_startClock               
0000331d  timer_getClock                 
00003323  timer_stopClock                
00003365  __aeabi_ddiv                   
0000349b  __aeabi_dmul                   
00003597  _system_post_cinit             
00003599  ldexp                          
00003599  ldexpl                         
00003599  scalbn                         
00003599  scalbnl                        
00003695  floor                          
00003695  floorl                         
0000378d  __aeabi_memcpy                 
0000378d  __aeabi_memcpy4                
0000378d  __aeabi_memcpy8                
0000378d  memcpy                         
00003829  vsnprintf                      
000038b1  __aeabi_cdcmpeq                
000038b1  __aeabi_cdcmple                
00003937  __aeabi_cdrcmple               
000039bd  __aeabi_memclr                 
000039bd  __aeabi_memclr4                
000039bd  __aeabi_memclr8                
000039bf  __aeabi_memset                 
000039bf  __aeabi_memset4                
000039bf  __aeabi_memset8                
000039c5  memset                         
00003a39  __TI_auto_init                 
00003b15  frexp                          
00003b15  frexpl                         
00003b79  sprintf                        
00003bd9  ltoa                           
00003c31  _c_int00                       
00003c85  C$$EXIT                        
00003c89  abort                          
00003c91  exit                           
00003cd9  atoi                           
00003d25  copy_in                        
00003d71  __aeabi_d2iz                   
00003db9  IntRegister                    
00003ded  __aeabi_i2d                    
00003e1b  __aeabi_ui2d                   
00003e3b  memccpy                        
00003e59  _args_main                     
00003e71  strcmp                         
00003e89  strchr                         
00003ea1  _register_unlock               
00003ea7  _register_lock                 
00003eaf  _nop                           
00003eb5  copysign                       
00003eb5  copysignl                      
00003ec9  strcpy                         
00003edd  strlen                         
00003ef1  IntMasterEnable                
00003f01  lcd_clear                      
00003f11  __TI_decompress_none           
00003f1f  CPUcpsie                       
00003f2b  ResetISR                       
00003f37  __TI_decompress_rle24          
00003f3d  _system_pre_init               
00004098  _ctypes_                       
000041ec  __TI_Handler_Table_Base        
000041f4  __TI_CINIT_Base                
000041f4  __TI_Handler_Table_Limit       
0000420c  __TI_CINIT_Limit               
20000000  g_pfnRAMVectors                
2000026c  __stack                        
2000046c  __STACK_TOP                    
20000a6c  __STACK_END                    
20000ac0  isr_char_buffer                
20000af4  falling_time                   
20000af8  rising_time                    
20000afc  count                          
20000b00  degrees                        
20000b04  objCount                       
20000b08  smallestLocation               
20000b0c  smallestWidth                  
20000b10  __TI_cleanup_ptr               
20000b14  __TI_dtors_ptr                 
20000b18  __TI_enable_exit_profile_output
20000b1c  _lock                          
20000b20  _unlock                        
20000b24  errno                          
20000b28  main_func_sp                   
20000b2c  isr_counter                    
ffffffff  __TI_pprof_out_hndl            
ffffffff  __TI_prof_data_size            
ffffffff  __TI_prof_data_start           
ffffffff  __binit__                      
ffffffff  __c_args__                     
ffffffff  binit                          
UNDEFED   SHT$$INIT_ARRAY$$Base          
UNDEFED   SHT$$INIT_ARRAY$$Limit         

[141 symbols]
