******************************************************************************
                  TI ARM Linker PC v15.12.1                    
******************************************************************************
>> Linked Tue Oct 25 13:41:54 2016

OUTPUT FILE NAME:   <Lab06.out>
ENTRY POINT SYMBOL: "_c_int00"  address: 00002491


MEMORY CONFIGURATION

         name            origin    length      used     unused   attr    fill
----------------------  --------  ---------  --------  --------  ----  --------
  FLASH                 00000000   00040000  00002875  0003d78b  R  X
  SRAM                  20000000   00008000  00000870  00007790  RW X


SEGMENT ALLOCATION MAP

run origin  load origin   length   init length attrs members
----------  ----------- ---------- ----------- ----- -------
00000000    00000000    0000287c   0000287c    r-x
  00000000    00000000    0000026c   0000026c    r-- .intvecs
  0000026c    0000026c    000024c4   000024c4    r-x .text
  00002730    00002730    00000109   00000109    r-- .const
  00002840    00002840    0000003c   0000003c    r-- .cinit
20000000    20000000    00000870   00000000    rw-
  20000000    20000000    00000800   00000000    rw- .stack
  20000800    20000800    00000054   00000000    rw- .bss
  20000854    20000854    0000001c   00000000    rw- .data


SECTION ALLOCATION MAP

 output                                  attributes/
section   page    origin      length       input sections
--------  ----  ----------  ----------   ----------------
.intvecs   0    00000000    0000026c     
                  00000000    0000026c     tm4c123gh6pm_startup_ccs.obj (.intvecs)

.text      0    0000026c    000024c4     
                  0000026c    00001110     rtsv7M4_T_le_v4SPD16_eabi.lib : _printfi.obj (.text)
                  0000137c    000002ec     lcd.obj (.text)
                  00001668    000001f4     rtsv7M4_T_le_v4SPD16_eabi.lib : ull_div_t2.obj (.text)
                  0000185c    000001b6                                   : fd_add_t2.obj (.text)
                  00001a12    00000002                                   : mpu_init.obj (.text)
                  00001a14    000001b0     main.obj (.text)
                  00001bc4    00000158     Timer.obj (.text)
                  00001d1c    00000136     rtsv7M4_T_le_v4SPD16_eabi.lib : fd_div_t2.obj (.text)
                  00001e52    000000fc                                   : fd_mul_t2.obj (.text)
                  00001f4e    00000002                                   : startup.obj (.text)
                  00001f50    000000fc                                   : s_scalbn.obj (.text)
                  0000204c    0000009c                                   : memcpy_t2.obj (.text)
                  000020e8    00000088                                   : vsnprintf.obj (.text)
                  00002170    00000086                                   : fd_cmp_t2.obj (.text:__aeabi_cdcmple)
                  000021f6    00000086                                   : fd_cmp_t2.obj (.text:__aeabi_cdrcmple)
                  0000227c    0000007a                                   : memset_t2.obj (.text)
                  000022f6    00000002     --HOLE-- [fill = 0]
                  000022f8    00000070                                   : autoinit.obj (.text)
                  00002368    0000006a                                   : copy_decompress_rle.obj (.text)
                  000023d2    00000002     --HOLE-- [fill = 0]
                  000023d4    00000064                                   : s_frexp.obj (.text)
                  00002438    00000056                                   : ltoa.obj (.text)
                  0000248e    00000002     --HOLE-- [fill = 0]
                  00002490    00000054                                   : boot.obj (.text)
                  000024e4    00000054                                   : exit.obj (.text)
                  00002538    0000004c                                   : atoi.obj (.text)
                  00002584    0000004c                                   : cpy_tbl.obj (.text)
                  000025d0    00000048                                   : fd_toi_t2.obj (.text)
                  00002618    0000002e                                   : i_tofd_t2.obj (.text)
                  00002646    0000001c                                   : memccpy.obj (.text)
                  00002662    00000002     --HOLE-- [fill = 0]
                  00002664    00000018                                   : args_main.obj (.text)
                  0000267c    00000018                                   : strcmp.obj (.text)
                  00002694    00000016                                   : strchr.obj (.text)
                  000026aa    00000002     --HOLE-- [fill = 0]
                  000026ac    00000014                                   : _lock.obj (.text)
                  000026c0    00000014                                   : s_copysign.obj (.text)
                  000026d4    00000014                                   : strcpy.obj (.text)
                  000026e8    00000014                                   : strlen.obj (.text)
                  000026fc    00000010     lcd.obj (.text:lcd_clear)
                  0000270c    0000000e     rtsv7M4_T_le_v4SPD16_eabi.lib : copy_decompress_none.obj (.text:decompress:none)
                  0000271a    0000000c     tm4c123gh6pm_startup_ccs.obj (.text)
                  00002726    00000006     rtsv7M4_T_le_v4SPD16_eabi.lib : copy_decompress_rle.obj (.text:decompress:rle24)
                  0000272c    00000004                                   : pre_init.obj (.text)

.const     0    00002730    00000109     
                  00002730    00000101     rtsv7M4_T_le_v4SPD16_eabi.lib : ctype.obj (.const:.string:_ctypes_)
                  00002831    00000004     lcd.obj (.const:.string:lineAddress$1)
                  00002835    00000004     lcd.obj (.const:.string:lineAddresses$2)

.cinit     0    00002840    0000003c     
                  00002840    00000016     (.cinit..data.load) [load image, compression = rle]
                  00002856    00000002     --HOLE-- [fill = 0]
                  00002858    00000009     (.cinit..bss.load) [load image, compression = rle]
                  00002861    00000003     --HOLE-- [fill = 0]
                  00002864    00000008     (__TI_handler_table)
                  0000286c    00000010     (__TI_cinit_table)

.init_array 
*          0    00000000    00000000     UNINITIALIZED

.stack     0    20000000    00000800     UNINITIALIZED
                  20000000    00000800     --HOLE--

.bss       0    20000800    00000054     UNINITIALIZED
                  20000800    00000054     lcd.obj (.bss:lastbuffer$3)

.data      0    20000854    0000001c     UNINITIALIZED
                  20000854    0000000c     rtsv7M4_T_le_v4SPD16_eabi.lib : exit.obj (.data:$O1$$)
                  20000860    00000008                                   : _lock.obj (.data:$O1$$)
                  20000868    00000004                                   : errno.obj (.data)
                  2000086c    00000004                                   : stkdepth_vars.obj (.data)

MODULE SUMMARY

       Module                         code   ro data   rw data
       ------                         ----   -------   -------
    .\
       lcd.obj                        764    8         84     
       tm4c123gh6pm_startup_ccs.obj   12     620       0      
       main.obj                       432    0         0      
       Timer.obj                      344    0         0      
    +--+------------------------------+------+---------+---------+
       Total:                         1552   628       84     
                                                              
    C:\ti\ccsv6\tools\compiler\ti-cgt-arm_15.12.1.LTS\lib\rtsv7M4_T_le_v4SPD16_eabi.lib
       _printfi.obj                   4368   0         0      
       ull_div_t2.obj                 500    0         0      
       fd_add_t2.obj                  438    0         0      
       fd_div_t2.obj                  310    0         0      
       fd_cmp_t2.obj                  268    0         0      
       ctype.obj                      0      257       0      
       fd_mul_t2.obj                  252    0         0      
       s_scalbn.obj                   252    0         0      
       memcpy_t2.obj                  156    0         0      
       vsnprintf.obj                  136    0         0      
       memset_t2.obj                  122    0         0      
       autoinit.obj                   112    0         0      
       copy_decompress_rle.obj        112    0         0      
       s_frexp.obj                    100    0         0      
       exit.obj                       84     0         12     
       ltoa.obj                       86     0         0      
       boot.obj                       84     0         0      
       atoi.obj                       76     0         0      
       cpy_tbl.obj                    76     0         0      
       fd_toi_t2.obj                  72     0         0      
       i_tofd_t2.obj                  46     0         0      
       _lock.obj                      20     0         8      
       memccpy.obj                    28     0         0      
       args_main.obj                  24     0         0      
       strcmp.obj                     24     0         0      
       strchr.obj                     22     0         0      
       s_copysign.obj                 20     0         0      
       strcpy.obj                     20     0         0      
       strlen.obj                     20     0         0      
       copy_decompress_none.obj       14     0         0      
       errno.obj                      0      0         4      
       pre_init.obj                   4      0         0      
       stkdepth_vars.obj              0      0         4      
       mpu_init.obj                   2      0         0      
       startup.obj                    2      0         0      
    +--+------------------------------+------+---------+---------+
       Total:                         7850   257       28     
                                                              
       Stack:                         0      0         2048   
       Linker Generated:              0      55        0      
    +--+------------------------------+------+---------+---------+
       Grand Total:                   9402   940       2160   


LINKER GENERATED COPY TABLES

__TI_cinit_table @ 0000286c records: 2, size/record: 8, table size: 16
	.data: load addr=00002840, load size=00000016 bytes, run addr=20000854, run size=0000001c bytes, compression=rle
	.bss: load addr=00002858, load size=00000009 bytes, run addr=20000800, run size=00000054 bytes, compression=rle


LINKER GENERATED HANDLER TABLE

__TI_handler_table @ 00002864 records: 2, size/record: 4, table size: 8
	index: 0, handler: __TI_decompress_rle24
	index: 1, handler: __TI_decompress_none


GLOBAL SYMBOLS: SORTED ALPHABETICALLY BY Name 

address   name                           
-------   ----                           
00001aef  ACD_init                       
00001adb  ADC_read                       
000024e5  C$$EXIT                        
0000271b  ResetISR                       
UNDEFED   SHT$$INIT_ARRAY$$Base          
UNDEFED   SHT$$INIT_ARRAY$$Limit         
20000800  __STACK_END                    
00000800  __STACK_SIZE                   
20000200  __STACK_TOP                    
0000286c  __TI_CINIT_Base                
0000287c  __TI_CINIT_Limit               
00002864  __TI_Handler_Table_Base        
0000286c  __TI_Handler_Table_Limit       
000022f9  __TI_auto_init                 
20000854  __TI_cleanup_ptr               
0000270d  __TI_decompress_none           
00002727  __TI_decompress_rle24          
20000858  __TI_dtors_ptr                 
2000085c  __TI_enable_exit_profile_output
ffffffff  __TI_pprof_out_hndl            
00001077  __TI_printfi                   
ffffffff  __TI_prof_data_size            
ffffffff  __TI_prof_data_start           
00000000  __TI_static_base__             
00002171  __aeabi_cdcmpeq                
00002171  __aeabi_cdcmple                
000021f7  __aeabi_cdrcmple               
000025d1  __aeabi_d2iz                   
00001867  __aeabi_dadd                   
00001d1d  __aeabi_ddiv                   
00001e53  __aeabi_dmul                   
0000185d  __aeabi_dsub                   
00002619  __aeabi_i2d                    
0000227d  __aeabi_memclr                 
0000227d  __aeabi_memclr4                
0000227d  __aeabi_memclr8                
0000204d  __aeabi_memcpy                 
0000204d  __aeabi_memcpy4                
0000204d  __aeabi_memcpy8                
0000227f  __aeabi_memset                 
0000227f  __aeabi_memset4                
0000227f  __aeabi_memset8                
00001669  __aeabi_uldivmod               
ffffffff  __binit__                      
ffffffff  __c_args__                     
00001a13  __mpu_init                     
20000000  __stack                        
00002665  _args_main                     
00002491  _c_int00                       
00002730  _ctypes_                       
20000860  _lock                          
000026bb  _nop                           
000026b3  _register_lock                 
000026ad  _register_unlock               
00001f4f  _system_post_cinit             
0000272d  _system_pre_init               
20000864  _unlock                        
000024e9  abort                          
00002539  atoi                           
ffffffff  binit                          
00002585  copy_in                        
000026c1  copysign                       
000026c1  copysignl                      
20000868  errno                          
000024f1  exit                           
000023d5  frexp                          
000023d5  frexpl                         
00000000  g_pfnVectors                   
000026fd  lcd_clear                      
00001515  lcd_gotoLine                   
0000137d  lcd_init                       
0000157b  lcd_printf                     
0000143d  lcd_putc                       
00001475  lcd_puts                       
00001493  lcd_sendCommand                
000014d1  lcd_sendNibble                 
0000153d  lcd_setCursorPos               
00001f51  ldexp                          
00001f51  ldexpl                         
00002439  ltoa                           
00001a15  main                           
2000086c  main_func_sp                   
00002647  memccpy                        
0000204d  memcpy                         
00002285  memset                         
00001f51  scalbn                         
00001f51  scalbnl                        
00002695  strchr                         
0000267d  strcmp                         
000026d5  strcpy                         
000026e9  strlen                         
00001cd5  timer_getClock                 
00001c89  timer_startClock               
00001c23  timer_startTimer               
00001cdb  timer_stopClock                
00001c73  timer_stopTimer                
00001bf9  timer_waitMicros               
00001bc5  timer_waitMillis               
000020e9  vsnprintf                      


GLOBAL SYMBOLS: SORTED BY Symbol Address 

address   name                           
-------   ----                           
00000000  __TI_static_base__             
00000000  g_pfnVectors                   
00000800  __STACK_SIZE                   
00001077  __TI_printfi                   
0000137d  lcd_init                       
0000143d  lcd_putc                       
00001475  lcd_puts                       
00001493  lcd_sendCommand                
000014d1  lcd_sendNibble                 
00001515  lcd_gotoLine                   
0000153d  lcd_setCursorPos               
0000157b  lcd_printf                     
00001669  __aeabi_uldivmod               
0000185d  __aeabi_dsub                   
00001867  __aeabi_dadd                   
00001a13  __mpu_init                     
00001a15  main                           
00001adb  ADC_read                       
00001aef  ACD_init                       
00001bc5  timer_waitMillis               
00001bf9  timer_waitMicros               
00001c23  timer_startTimer               
00001c73  timer_stopTimer                
00001c89  timer_startClock               
00001cd5  timer_getClock                 
00001cdb  timer_stopClock                
00001d1d  __aeabi_ddiv                   
00001e53  __aeabi_dmul                   
00001f4f  _system_post_cinit             
00001f51  ldexp                          
00001f51  ldexpl                         
00001f51  scalbn                         
00001f51  scalbnl                        
0000204d  __aeabi_memcpy                 
0000204d  __aeabi_memcpy4                
0000204d  __aeabi_memcpy8                
0000204d  memcpy                         
000020e9  vsnprintf                      
00002171  __aeabi_cdcmpeq                
00002171  __aeabi_cdcmple                
000021f7  __aeabi_cdrcmple               
0000227d  __aeabi_memclr                 
0000227d  __aeabi_memclr4                
0000227d  __aeabi_memclr8                
0000227f  __aeabi_memset                 
0000227f  __aeabi_memset4                
0000227f  __aeabi_memset8                
00002285  memset                         
000022f9  __TI_auto_init                 
000023d5  frexp                          
000023d5  frexpl                         
00002439  ltoa                           
00002491  _c_int00                       
000024e5  C$$EXIT                        
000024e9  abort                          
000024f1  exit                           
00002539  atoi                           
00002585  copy_in                        
000025d1  __aeabi_d2iz                   
00002619  __aeabi_i2d                    
00002647  memccpy                        
00002665  _args_main                     
0000267d  strcmp                         
00002695  strchr                         
000026ad  _register_unlock               
000026b3  _register_lock                 
000026bb  _nop                           
000026c1  copysign                       
000026c1  copysignl                      
000026d5  strcpy                         
000026e9  strlen                         
000026fd  lcd_clear                      
0000270d  __TI_decompress_none           
0000271b  ResetISR                       
00002727  __TI_decompress_rle24          
0000272d  _system_pre_init               
00002730  _ctypes_                       
00002864  __TI_Handler_Table_Base        
0000286c  __TI_CINIT_Base                
0000286c  __TI_Handler_Table_Limit       
0000287c  __TI_CINIT_Limit               
20000000  __stack                        
20000200  __STACK_TOP                    
20000800  __STACK_END                    
20000854  __TI_cleanup_ptr               
20000858  __TI_dtors_ptr                 
2000085c  __TI_enable_exit_profile_output
20000860  _lock                          
20000864  _unlock                        
20000868  errno                          
2000086c  main_func_sp                   
ffffffff  __TI_pprof_out_hndl            
ffffffff  __TI_prof_data_size            
ffffffff  __TI_prof_data_start           
ffffffff  __binit__                      
ffffffff  __c_args__                     
ffffffff  binit                          
UNDEFED   SHT$$INIT_ARRAY$$Base          
UNDEFED   SHT$$INIT_ARRAY$$Limit         

[99 symbols]
