******************************************************************************
                  TI ARM Linker PC v15.12.1                    
******************************************************************************
>> Linked Wed Nov 30 22:07:25 2016

OUTPUT FILE NAME:   <Rover.out>
ENTRY POINT SYMBOL: "_c_int00"  address: 000052dd


MEMORY CONFIGURATION

         name            origin    length      used     unused   attr    fill
----------------------  --------  ---------  --------  --------  ----  --------
  FLASH                 00000000   00040000  000059fb  0003a605  R  X
  SRAM                  20000000   00008000  00000f60  000070a0  RW X


SEGMENT ALLOCATION MAP

run origin  load origin   length   init length attrs members
----------  ----------- ---------- ----------- ----- -------
00000000    00000000    00005a04   00005a04    r-x
  00000000    00000000    0000026c   0000026c    r-- .intvecs
  0000026c    0000026c    00005398   00005398    r-x .text
  00005608    00005608    0000038b   0000038b    r-- .const
  00005998    00005998    0000006c   0000006c    r-- .cinit
20000000    20000000    00000f64   00000000    rw-
  20000000    20000000    0000026c   00000000    rw- .vtable
  2000026c    2000026c    00000800   00000000    rw- .stack
  20000a70    20000a70    00000400   00000000    rw- .sysmem
  20000e70    20000e70    000000a8   00000000    rw- .bss
  20000f18    20000f18    0000004c   00000000    rw- .data


SECTION ALLOCATION MAP

 output                                  attributes/
section   page    origin      length       input sections
--------  ----  ----------  ----------   ----------------
.intvecs   0    00000000    0000026c     
                  00000000    0000026c     tm4c123gh6pm_startup_ccs.obj (.intvecs)

.text      0    0000026c    00005398     
                  0000026c    00001110     rtsv7M4_T_le_v4SPD16_eabi.lib : _printfi.obj (.text)
                  0000137c    00000980     open_interface.obj (.text)
                  00001cfc    00000740     rtsv7M4_T_le_v4SPD16_eabi.lib : k_rem_pio2.obj (.text)
                  0000243c    00000510                                   : s_tan.obj (.text)
                  0000294c    000003dc                                   : memory.obj (.text)
                  00002d28    0000037c     movement.obj (.text)
                  000030a4    00000320     rtsv7M4_T_le_v4SPD16_eabi.lib : k_tan.obj (.text)
                  000033c4    000002ec     lcd.obj (.text)
                  000036b0    000002ec     rtsv7M4_T_le_v4SPD16_eabi.lib : s_atan.obj (.text)
                  0000399c    000002ec     sweep.obj (.text)
                  00003c88    00000274     uart.obj (.text)
                  00003efc    000001f4     rtsv7M4_T_le_v4SPD16_eabi.lib : ull_div_t2.obj (.text)
                  000040f0    000001d4     sonar.obj (.text)
                  000042c4    000001b6     rtsv7M4_T_le_v4SPD16_eabi.lib : fd_add_t2.obj (.text)
                  0000447a    00000002                                   : mpu_init.obj (.text)
                  0000447c    00000188     main.obj (.text)
                  00004604    00000158     Timer.obj (.text)
                  0000475c    00000136     rtsv7M4_T_le_v4SPD16_eabi.lib : fd_div_t2.obj (.text)
                  00004892    00000002                                   : startup.obj (.text)
                  00004894    00000128     servo.obj (.text)
                  000049bc    000000fc     rtsv7M4_T_le_v4SPD16_eabi.lib : fd_mul_t2.obj (.text)
                  00004ab8    000000fc                                   : s_scalbn.obj (.text)
                  00004bb4    000000f8                                   : s_floor.obj (.text)
                  00004cac    000000cc     WiFi.obj (.text)
                  00004d78    000000c0     ir.obj (.text)
                  00004e38    0000009c     rtsv7M4_T_le_v4SPD16_eabi.lib : memcpy_t2.obj (.text)
                  00004ed4    00000088                                   : vsnprintf.obj (.text)
                  00004f5c    00000086                                   : fd_cmp_t2.obj (.text:__aeabi_cdcmple)
                  00004fe2    00000086                                   : fd_cmp_t2.obj (.text:__aeabi_cdrcmple)
                  00005068    0000007a                                   : memset_t2.obj (.text)
                  000050e2    00000002     --HOLE-- [fill = 0]
                  000050e4    00000070                                   : autoinit.obj (.text)
                  00005154    0000006a                                   : copy_decompress_rle.obj (.text)
                  000051be    00000002     --HOLE-- [fill = 0]
                  000051c0    00000064                                   : s_frexp.obj (.text)
                  00005224    00000060                                   : sprintf.obj (.text)
                  00005284    00000056                                   : ltoa.obj (.text)
                  000052da    00000002     --HOLE-- [fill = 0]
                  000052dc    00000054                                   : boot.obj (.text)
                  00005330    00000054                                   : exit.obj (.text)
                  00005384    0000004c                                   : atoi.obj (.text)
                  000053d0    0000004c                                   : cpy_tbl.obj (.text)
                  0000541c    00000048                                   : fd_toi_t2.obj (.text)
                  00005464    00000034     driverlib.lib : interrupt.obj (.text:IntRegister)
                  00005498    0000002e     rtsv7M4_T_le_v4SPD16_eabi.lib : i_tofd_t2.obj (.text)
                  000054c6    00000020                                   : u_tofd_t2.obj (.text)
                  000054e6    0000001c                                   : memccpy.obj (.text)
                  00005502    00000018     open_interface.obj (.text:oi_parseInt)
                  0000551a    00000002     --HOLE-- [fill = 0]
                  0000551c    00000018     rtsv7M4_T_le_v4SPD16_eabi.lib : args_main.obj (.text)
                  00005534    00000018                                   : strcmp.obj (.text)
                  0000554c    00000016                                   : strchr.obj (.text)
                  00005562    00000002     --HOLE-- [fill = 0]
                  00005564    00000014                                   : _lock.obj (.text)
                  00005578    00000014                                   : s_copysign.obj (.text)
                  0000558c    00000014                                   : strcpy.obj (.text)
                  000055a0    00000014                                   : strlen.obj (.text)
                  000055b4    00000010     driverlib.lib : interrupt.obj (.text:IntMasterEnable)
                  000055c4    00000010     lcd.obj (.text:lcd_clear)
                  000055d4    0000000e     rtsv7M4_T_le_v4SPD16_eabi.lib : copy_decompress_none.obj (.text:decompress:none)
                  000055e2    0000000c     driverlib.lib : cpu.obj (.text:CPUcpsie)
                  000055ee    0000000c     tm4c123gh6pm_startup_ccs.obj (.text)
                  000055fa    00000006     rtsv7M4_T_le_v4SPD16_eabi.lib : copy_decompress_rle.obj (.text:decompress:rle24)
                  00005600    00000004                                   : pre_init.obj (.text)

.const     0    00005608    0000038b     
                  00005608    00000158     rtsv7M4_T_le_v4SPD16_eabi.lib : k_rem_pio2.obj (.const:$O1$$)
                  00005760    00000101                                   : ctype.obj (.const:.string:_ctypes_)
                  00005861    00000004     lcd.obj (.const:.string:lineAddress$1)
                  00005865    00000003     --HOLE-- [fill = 0]
                  00005868    00000098     rtsv7M4_T_le_v4SPD16_eabi.lib : s_atan.obj (.const:$O1$$)
                  00005900    00000080                                   : k_tan.obj (.const:xxx)
                  00005980    0000000f     open_interface.obj (.const:.string:$P$T0$3)
                  0000598f    00000004     lcd.obj (.const:.string:lineAddresses$2)

.cinit     0    00005998    0000006c     
                  00005998    0000002b     (.cinit..data.load) [load image, compression = rle]
                  000059c3    00000005     --HOLE-- [fill = 0]
                  000059c8    0000000b     (.cinit..vtable.load) [load image, compression = rle]
                  000059d3    00000005     --HOLE-- [fill = 0]
                  000059d8    00000009     (.cinit..bss.load) [load image, compression = rle]
                  000059e1    00000003     --HOLE-- [fill = 0]
                  000059e4    00000008     (__TI_handler_table)
                  000059ec    00000018     (__TI_cinit_table)

.init_array 
*          0    00000000    00000000     UNINITIALIZED

.vtable    0    20000000    0000026c     UNINITIALIZED
                  20000000    0000026c     driverlib.lib : interrupt.obj (.vtable)

.stack     0    2000026c    00000800     UNINITIALIZED
                  2000026c    00000800     --HOLE--

.sysmem    0    20000a70    00000400     UNINITIALIZED
                  20000a70    00000008     rtsv7M4_T_le_v4SPD16_eabi.lib : memory.obj (.sysmem)
                  20000a78    000003f8     --HOLE--

.bss       0    20000e70    000000a8     UNINITIALIZED
                  20000e70    00000054     lcd.obj (.bss:lastbuffer$3)
                  20000ec4    00000034     (.common:isr_char_buffer)
                  20000ef8    00000018     open_interface.obj (.bss:firmware$2)
                  20000f10    00000004     (.common:falling_time)
                  20000f14    00000004     (.common:rising_time)

.data      0    20000f18    0000004c     UNINITIALIZED
                  20000f18    00000010     sweep.obj (.data)
                  20000f28    0000000c     rtsv7M4_T_le_v4SPD16_eabi.lib : exit.obj (.data:$O1$$)
                  20000f34    0000000c                                   : memory.obj (.data:$O1$$)
                  20000f40    00000008                                   : _lock.obj (.data:$O1$$)
                  20000f48    00000008     movement.obj (.data)
                  20000f50    00000004     open_interface.obj (.data)
                  20000f54    00000004     rtsv7M4_T_le_v4SPD16_eabi.lib : errno.obj (.data)
                  20000f58    00000004                                   : stkdepth_vars.obj (.data)
                  20000f5c    00000004     sonar.obj (.data)
                  20000f60    00000004     uart.obj (.data)

MODULE SUMMARY

       Module                         code    ro data   rw data
       ------                         ----    -------   -------
    .\
       tm4c123gh6pm_startup_ccs.obj   12      620       0      
       main.obj                       392     0         0      
    +--+------------------------------+-------+---------+---------+
       Total:                         404     620       0      
                                                               
    .\api\
       open_interface.obj             2456    15        28     
       movement.obj                   892     0         8      
       lcd.obj                        764     8         84     
       sweep.obj                      748     0         16     
       uart.obj                       628     0         56     
       sonar.obj                      468     0         12     
       Timer.obj                      344     0         0      
       servo.obj                      296     0         0      
       WiFi.obj                       204     0         0      
       ir.obj                         192     0         0      
    +--+------------------------------+-------+---------+---------+
       Total:                         6992    23        204    
                                                               
    C:/ti/TivaWare_C_Series-2.1.2.111/driverlib/ccs/Debug/driverlib.lib
       interrupt.obj                  68      0         620    
       cpu.obj                        12      0         0      
    +--+------------------------------+-------+---------+---------+
       Total:                         80      0         620    
                                                               
    C:\ti\ccsv6\tools\compiler\ti-cgt-arm_15.12.1.LTS\lib\rtsv7M4_T_le_v4SPD16_eabi.lib
       _printfi.obj                   4368    0         0      
       k_rem_pio2.obj                 1856    344       0      
       s_tan.obj                      1296    0         0      
       memory.obj                     988     0         12     
       k_tan.obj                      800     128       0      
       s_atan.obj                     748     152       0      
       ull_div_t2.obj                 500     0         0      
       fd_add_t2.obj                  438     0         0      
       fd_div_t2.obj                  310     0         0      
       fd_cmp_t2.obj                  268     0         0      
       ctype.obj                      0       257       0      
       fd_mul_t2.obj                  252     0         0      
       s_scalbn.obj                   252     0         0      
       s_floor.obj                    248     0         0      
       memcpy_t2.obj                  156     0         0      
       vsnprintf.obj                  136     0         0      
       memset_t2.obj                  122     0         0      
       autoinit.obj                   112     0         0      
       copy_decompress_rle.obj        112     0         0      
       s_frexp.obj                    100     0         0      
       exit.obj                       84      0         12     
       sprintf.obj                    96      0         0      
       ltoa.obj                       86      0         0      
       boot.obj                       84      0         0      
       atoi.obj                       76      0         0      
       cpy_tbl.obj                    76      0         0      
       fd_toi_t2.obj                  72      0         0      
       i_tofd_t2.obj                  46      0         0      
       u_tofd_t2.obj                  32      0         0      
       _lock.obj                      20      0         8      
       memccpy.obj                    28      0         0      
       args_main.obj                  24      0         0      
       strcmp.obj                     24      0         0      
       strchr.obj                     22      0         0      
       s_copysign.obj                 20      0         0      
       strcpy.obj                     20      0         0      
       strlen.obj                     20      0         0      
       copy_decompress_none.obj       14      0         0      
       errno.obj                      0       0         4      
       pre_init.obj                   4       0         0      
       stkdepth_vars.obj              0       0         4      
       mpu_init.obj                   2       0         0      
       startup.obj                    2       0         0      
    +--+------------------------------+-------+---------+---------+
       Total:                         13914   881       40     
                                                               
       Heap:                          0       0         1024   
       Stack:                         0       0         2048   
       Linker Generated:              0       95        0      
    +--+------------------------------+-------+---------+---------+
       Grand Total:                   21390   1619      3936   


LINKER GENERATED COPY TABLES

__TI_cinit_table @ 000059ec records: 3, size/record: 8, table size: 24
	.data: load addr=00005998, load size=0000002b bytes, run addr=20000f18, run size=0000004c bytes, compression=rle
	.vtable: load addr=000059c8, load size=0000000b bytes, run addr=20000000, run size=0000026c bytes, compression=rle
	.bss: load addr=000059d8, load size=00000009 bytes, run addr=20000e70, run size=000000a8 bytes, compression=rle


LINKER GENERATED HANDLER TABLE

__TI_handler_table @ 000059e4 records: 2, size/record: 4, table size: 8
	index: 0, handler: __TI_decompress_rle24
	index: 1, handler: __TI_decompress_none


GLOBAL SYMBOLS: SORTED ALPHABETICALLY BY Name 

address   name                           
-------   ----                           
00005331  C$$EXIT                        
000055e3  CPUcpsie                       
00001c71  GPIOF_Handler                  
000055b5  IntMasterEnable                
00005465  IntRegister                    
000055ef  ResetISR                       
UNDEFED   SHT$$INIT_ARRAY$$Base          
UNDEFED   SHT$$INIT_ARRAY$$Limit         
0000415f  TIMER3B_Handler                
00003e69  UART1_Handler                  
00004cad  WiFi_start                     
00004d0f  WiFi_stop                      
20000a6c  __STACK_END                    
00000800  __STACK_SIZE                   
2000046c  __STACK_TOP                    
00000400  __SYSMEM_SIZE                  
000059ec  __TI_CINIT_Base                
00005a04  __TI_CINIT_Limit               
000059e4  __TI_Handler_Table_Base        
000059ec  __TI_Handler_Table_Limit       
000050e5  __TI_auto_init                 
20000f28  __TI_cleanup_ptr               
000055d5  __TI_decompress_none           
000055fb  __TI_decompress_rle24          
20000f2c  __TI_dtors_ptr                 
20000f30  __TI_enable_exit_profile_output
ffffffff  __TI_pprof_out_hndl            
00001077  __TI_printfi                   
ffffffff  __TI_prof_data_size            
ffffffff  __TI_prof_data_start           
00000000  __TI_static_base__             
00004f5d  __aeabi_cdcmpeq                
00004f5d  __aeabi_cdcmple                
00004fe3  __aeabi_cdrcmple               
0000541d  __aeabi_d2iz                   
000042cf  __aeabi_dadd                   
0000475d  __aeabi_ddiv                   
000049bd  __aeabi_dmul                   
000042c5  __aeabi_dsub                   
00005499  __aeabi_i2d                    
00005069  __aeabi_memclr                 
00005069  __aeabi_memclr4                
00005069  __aeabi_memclr8                
00004e39  __aeabi_memcpy                 
00004e39  __aeabi_memcpy4                
00004e39  __aeabi_memcpy8                
0000506b  __aeabi_memset                 
0000506b  __aeabi_memset4                
0000506b  __aeabi_memset8                
000054c7  __aeabi_ui2d                   
00003efd  __aeabi_uldivmod               
ffffffff  __binit__                      
ffffffff  __c_args__                     
00001cfd  __kernel_rem_pio2              
000030a5  __kernel_tan                   
0000447b  __mpu_init                     
2000026c  __stack                        
0000551d  _args_main                     
000052dd  _c_int00                       
00005760  _ctypes_                       
20000f40  _lock                          
00005573  _nop                           
0000556b  _register_lock                 
00005565  _register_unlock               
00004d1d  _sendCommand                   
20000a70  _sys_memory                    
00004893  _system_post_cinit             
00005601  _system_pre_init               
20000f44  _unlock                        
00005335  abort                          
000036b1  atan                           
000036b1  atanl                          
00005385  atoi                           
ffffffff  binit                          
0000454f  calibrateIR                    
0000456f  calibrateServo                 
00002cf5  calloc                         
00002ecf  checkCliff                     
00002d29  checkLine                      
00002eab  checkObstacle                  
000053d1  copy_in                        
00005579  copysign                       
00005579  copysignl                      
20000f5c  count                          
20000f18  degrees                        
20000f54  errno                          
0000533d  exit                           
20000f10  falling_time                   
00004bb5  floor                          
00004bb5  floorl                         
20000f48  found                          
00002a43  free                           
000051c1  frexp                          
000051c1  frexpl                         
20000000  g_pfnRAMVectors                
00000000  g_pfnVectors                   
00003b01  getAccurateDistance            
00003b67  getIRReading                   
00001a23  go_charge                      
0000449d  handleCommand                  
00003a25  handleObjectFound              
00004531  init_all                       
20000f4c  initialDistance                
00004deb  ir_read                        
00004d79  ir_timer_init                  
20000ec4  isr_char_buffer                
20000f60  isr_counter                    
000055c5  lcd_clear                      
0000355d  lcd_gotoLine                   
000033c5  lcd_init                       
000035c3  lcd_printf                     
00003485  lcd_putc                       
000034bd  lcd_puts                       
000034db  lcd_sendCommand                
00003519  lcd_sendNibble                 
00003585  lcd_setCursorPos               
00004ab9  ldexp                          
00004ab9  ldexpl                         
00005285  ltoa                           
0000447d  main                           
20000f58  main_func_sp                   
000029db  malloc                         
00002c11  memalign                       
000054e7  memccpy                        
00004e39  memcpy                         
00005071  memset                         
0000294d  minit                          
00002f7f  move_backwards                 
00002f07  move_forward                   
0000491d  move_servo                     
0000494f  move_servo_return              
20000f1c  objCount                       
0000137d  oi_alloc                       
00001b4d  oi_checkFirmware               
000013d3  oi_close                       
00001389  oi_free                        
000013bd  oi_init                        
00001399  oi_init_noupdate               
000019b9  oi_loadSong                    
00005503  oi_parseInt                    
00001437  oi_parsePacket                 
00001a0f  oi_play_song                   
00001933  oi_setLeds                     
00001977  oi_setWheels                   
00001bff  oi_shutoff_init                
00001a31  oi_uartInit                    
00001ad5  oi_uartReceive                 
00001b1b  oi_uartSendBuff                
00001ab9  oi_uartSendChar                
00001afd  oi_uartSendStr                 
000013e5  oi_update                      
000041f5  ping_read                      
00003ba7  radialToRealC                  
00002b05  realloc                        
20000f14  rising_time                    
00004ab9  scalbn                         
00004ab9  scalbnl                        
0000420f  send_pulse                     
00004895  servo_timer_init               
20000f20  smallestLocation               
20000f24  smallestWidth                  
0000419f  sonar_read                     
000040f1  sonar_timer_init               
00005225  sprintf                        
0000554d  strchr                         
00005535  strcmp                         
0000558d  strcpy                         
000055a1  strlen                         
0000399d  sweep                          
0000243d  tan                            
0000243d  tanl                           
000041c5  time2dist                      
00004715  timer_getClock                 
000046c9  timer_startClock               
00004663  timer_startTimer               
0000471b  timer_stopClock                
000046b3  timer_stopTimer                
00004639  timer_waitMicros               
00004605  timer_waitMillis               
00003c01  toRadians                      
0000301f  turn_cclockwise                
00002fcd  turn_clockwise                 
00003ded  uart_flush                     
00003c89  uart_init                      
00003dab  uart_receive                   
00003d39  uart_receivePacket             
00003d81  uart_sendBuffer                
00003d65  uart_sendChar                  
00003e4d  uart_sendNum                   
00003e0b  uart_sendStr                   
00003e2f  uart_sendStrNoNewline          
00004ed5  vsnprintf                      


GLOBAL SYMBOLS: SORTED BY Symbol Address 

address   name                           
-------   ----                           
00000000  __TI_static_base__             
00000000  g_pfnVectors                   
00000400  __SYSMEM_SIZE                  
00000800  __STACK_SIZE                   
00001077  __TI_printfi                   
0000137d  oi_alloc                       
00001389  oi_free                        
00001399  oi_init_noupdate               
000013bd  oi_init                        
000013d3  oi_close                       
000013e5  oi_update                      
00001437  oi_parsePacket                 
00001933  oi_setLeds                     
00001977  oi_setWheels                   
000019b9  oi_loadSong                    
00001a0f  oi_play_song                   
00001a23  go_charge                      
00001a31  oi_uartInit                    
00001ab9  oi_uartSendChar                
00001ad5  oi_uartReceive                 
00001afd  oi_uartSendStr                 
00001b1b  oi_uartSendBuff                
00001b4d  oi_checkFirmware               
00001bff  oi_shutoff_init                
00001c71  GPIOF_Handler                  
00001cfd  __kernel_rem_pio2              
0000243d  tan                            
0000243d  tanl                           
0000294d  minit                          
000029db  malloc                         
00002a43  free                           
00002b05  realloc                        
00002c11  memalign                       
00002cf5  calloc                         
00002d29  checkLine                      
00002eab  checkObstacle                  
00002ecf  checkCliff                     
00002f07  move_forward                   
00002f7f  move_backwards                 
00002fcd  turn_clockwise                 
0000301f  turn_cclockwise                
000030a5  __kernel_tan                   
000033c5  lcd_init                       
00003485  lcd_putc                       
000034bd  lcd_puts                       
000034db  lcd_sendCommand                
00003519  lcd_sendNibble                 
0000355d  lcd_gotoLine                   
00003585  lcd_setCursorPos               
000035c3  lcd_printf                     
000036b1  atan                           
000036b1  atanl                          
0000399d  sweep                          
00003a25  handleObjectFound              
00003b01  getAccurateDistance            
00003b67  getIRReading                   
00003ba7  radialToRealC                  
00003c01  toRadians                      
00003c89  uart_init                      
00003d39  uart_receivePacket             
00003d65  uart_sendChar                  
00003d81  uart_sendBuffer                
00003dab  uart_receive                   
00003ded  uart_flush                     
00003e0b  uart_sendStr                   
00003e2f  uart_sendStrNoNewline          
00003e4d  uart_sendNum                   
00003e69  UART1_Handler                  
00003efd  __aeabi_uldivmod               
000040f1  sonar_timer_init               
0000415f  TIMER3B_Handler                
0000419f  sonar_read                     
000041c5  time2dist                      
000041f5  ping_read                      
0000420f  send_pulse                     
000042c5  __aeabi_dsub                   
000042cf  __aeabi_dadd                   
0000447b  __mpu_init                     
0000447d  main                           
0000449d  handleCommand                  
00004531  init_all                       
0000454f  calibrateIR                    
0000456f  calibrateServo                 
00004605  timer_waitMillis               
00004639  timer_waitMicros               
00004663  timer_startTimer               
000046b3  timer_stopTimer                
000046c9  timer_startClock               
00004715  timer_getClock                 
0000471b  timer_stopClock                
0000475d  __aeabi_ddiv                   
00004893  _system_post_cinit             
00004895  servo_timer_init               
0000491d  move_servo                     
0000494f  move_servo_return              
000049bd  __aeabi_dmul                   
00004ab9  ldexp                          
00004ab9  ldexpl                         
00004ab9  scalbn                         
00004ab9  scalbnl                        
00004bb5  floor                          
00004bb5  floorl                         
00004cad  WiFi_start                     
00004d0f  WiFi_stop                      
00004d1d  _sendCommand                   
00004d79  ir_timer_init                  
00004deb  ir_read                        
00004e39  __aeabi_memcpy                 
00004e39  __aeabi_memcpy4                
00004e39  __aeabi_memcpy8                
00004e39  memcpy                         
00004ed5  vsnprintf                      
00004f5d  __aeabi_cdcmpeq                
00004f5d  __aeabi_cdcmple                
00004fe3  __aeabi_cdrcmple               
00005069  __aeabi_memclr                 
00005069  __aeabi_memclr4                
00005069  __aeabi_memclr8                
0000506b  __aeabi_memset                 
0000506b  __aeabi_memset4                
0000506b  __aeabi_memset8                
00005071  memset                         
000050e5  __TI_auto_init                 
000051c1  frexp                          
000051c1  frexpl                         
00005225  sprintf                        
00005285  ltoa                           
000052dd  _c_int00                       
00005331  C$$EXIT                        
00005335  abort                          
0000533d  exit                           
00005385  atoi                           
000053d1  copy_in                        
0000541d  __aeabi_d2iz                   
00005465  IntRegister                    
00005499  __aeabi_i2d                    
000054c7  __aeabi_ui2d                   
000054e7  memccpy                        
00005503  oi_parseInt                    
0000551d  _args_main                     
00005535  strcmp                         
0000554d  strchr                         
00005565  _register_unlock               
0000556b  _register_lock                 
00005573  _nop                           
00005579  copysign                       
00005579  copysignl                      
0000558d  strcpy                         
000055a1  strlen                         
000055b5  IntMasterEnable                
000055c5  lcd_clear                      
000055d5  __TI_decompress_none           
000055e3  CPUcpsie                       
000055ef  ResetISR                       
000055fb  __TI_decompress_rle24          
00005601  _system_pre_init               
00005760  _ctypes_                       
000059e4  __TI_Handler_Table_Base        
000059ec  __TI_CINIT_Base                
000059ec  __TI_Handler_Table_Limit       
00005a04  __TI_CINIT_Limit               
20000000  g_pfnRAMVectors                
2000026c  __stack                        
2000046c  __STACK_TOP                    
20000a6c  __STACK_END                    
20000a70  _sys_memory                    
20000ec4  isr_char_buffer                
20000f10  falling_time                   
20000f14  rising_time                    
20000f18  degrees                        
20000f1c  objCount                       
20000f20  smallestLocation               
20000f24  smallestWidth                  
20000f28  __TI_cleanup_ptr               
20000f2c  __TI_dtors_ptr                 
20000f30  __TI_enable_exit_profile_output
20000f40  _lock                          
20000f44  _unlock                        
20000f48  found                          
20000f4c  initialDistance                
20000f54  errno                          
20000f58  main_func_sp                   
20000f5c  count                          
20000f60  isr_counter                    
ffffffff  __TI_pprof_out_hndl            
ffffffff  __TI_prof_data_size            
ffffffff  __TI_prof_data_start           
ffffffff  __binit__                      
ffffffff  __c_args__                     
ffffffff  binit                          
UNDEFED   SHT$$INIT_ARRAY$$Base          
UNDEFED   SHT$$INIT_ARRAY$$Limit         

[192 symbols]
