******************************************************************************
                  TI ARM Linker PC v15.12.1                    
******************************************************************************
>> Linked Wed Nov 30 19:11:44 2016

OUTPUT FILE NAME:   <Rover.out>
ENTRY POINT SYMBOL: "_c_int00"  address: 00003f11


MEMORY CONFIGURATION

         name            origin    length      used     unused   attr    fill
----------------------  --------  ---------  --------  --------  ----  --------
  FLASH                 00000000   00040000  00004560  0003baa0  R  X
  SRAM                  20000000   00008000  00000b30  000074d0  RW X


SEGMENT ALLOCATION MAP

run origin  load origin   length   init length attrs members
----------  ----------- ---------- ----------- ----- -------
00000000    00000000    00004564   00004564    r-x
  00000000    00000000    0000026c   0000026c    r-- .intvecs
  0000026c    0000026c    00003fb4   00003fb4    r-x .text
  00004220    00004220    000002e4   000002e4    r-- .const
  00004508    00004508    0000005c   0000005c    r-- .cinit
20000000    20000000    00000b30   00000000    rw-
  20000000    20000000    0000026c   00000000    rw- .vtable
  2000026c    2000026c    00000800   00000000    rw- .stack
  20000a6c    20000a6c    00000090   00000000    rw- .bss
  20000afc    20000afc    00000034   00000000    rw- .data


SECTION ALLOCATION MAP

 output                                  attributes/
section   page    origin      length       input sections
--------  ----  ----------  ----------   ----------------
.intvecs   0    00000000    0000026c     
                  00000000    0000026c     tm4c123gh6pm_startup_ccs.obj (.intvecs)

.text      0    0000026c    00003fb4     
                  0000026c    00001110     rtsv7M4_T_le_v4SPD16_eabi.lib : _printfi.obj (.text)
                  0000137c    00000740                                   : k_rem_pio2.obj (.text)
                  00001abc    00000510                                   : s_tan.obj (.text)
                  00001fcc    00000320                                   : k_tan.obj (.text)
                  000022ec    000002ec     lcd.obj (.text)
                  000025d8    000002ec     sweep.obj (.text)
                  000028c4    00000274     uart.obj (.text)
                  00002b38    000001f4     rtsv7M4_T_le_v4SPD16_eabi.lib : ull_div_t2.obj (.text)
                  00002d2c    000001d4     sonar.obj (.text)
                  00002f00    000001b6     rtsv7M4_T_le_v4SPD16_eabi.lib : fd_add_t2.obj (.text)
                  000030b6    00000002                                   : mpu_init.obj (.text)
                  000030b8    00000180     main.obj (.text)
                  00003238    00000158     Timer.obj (.text)
                  00003390    00000136     rtsv7M4_T_le_v4SPD16_eabi.lib : fd_div_t2.obj (.text)
                  000034c6    00000002                                   : startup.obj (.text)
                  000034c8    00000128     servo.obj (.text)
                  000035f0    000000fc     rtsv7M4_T_le_v4SPD16_eabi.lib : fd_mul_t2.obj (.text)
                  000036ec    000000fc                                   : s_scalbn.obj (.text)
                  000037e8    000000f8                                   : s_floor.obj (.text)
                  000038e0    000000cc     WiFi.obj (.text)
                  000039ac    000000c0     ir.obj (.text)
                  00003a6c    0000009c     rtsv7M4_T_le_v4SPD16_eabi.lib : memcpy_t2.obj (.text)
                  00003b08    00000088                                   : vsnprintf.obj (.text)
                  00003b90    00000086                                   : fd_cmp_t2.obj (.text:__aeabi_cdcmple)
                  00003c16    00000086                                   : fd_cmp_t2.obj (.text:__aeabi_cdrcmple)
                  00003c9c    0000007a                                   : memset_t2.obj (.text)
                  00003d16    00000002     --HOLE-- [fill = 0]
                  00003d18    00000070                                   : autoinit.obj (.text)
                  00003d88    0000006a                                   : copy_decompress_rle.obj (.text)
                  00003df2    00000002     --HOLE-- [fill = 0]
                  00003df4    00000064                                   : s_frexp.obj (.text)
                  00003e58    00000060                                   : sprintf.obj (.text)
                  00003eb8    00000056                                   : ltoa.obj (.text)
                  00003f0e    00000002     --HOLE-- [fill = 0]
                  00003f10    00000054                                   : boot.obj (.text)
                  00003f64    00000054                                   : exit.obj (.text)
                  00003fb8    0000004c                                   : atoi.obj (.text)
                  00004004    0000004c                                   : cpy_tbl.obj (.text)
                  00004050    00000048                                   : fd_toi_t2.obj (.text)
                  00004098    00000034     driverlib.lib : interrupt.obj (.text:IntRegister)
                  000040cc    0000002e     rtsv7M4_T_le_v4SPD16_eabi.lib : i_tofd_t2.obj (.text)
                  000040fa    00000020                                   : u_tofd_t2.obj (.text)
                  0000411a    0000001c                                   : memccpy.obj (.text)
                  00004136    00000002     --HOLE-- [fill = 0]
                  00004138    00000018                                   : args_main.obj (.text)
                  00004150    00000018                                   : strcmp.obj (.text)
                  00004168    00000016                                   : strchr.obj (.text)
                  0000417e    00000002     --HOLE-- [fill = 0]
                  00004180    00000014                                   : _lock.obj (.text)
                  00004194    00000014                                   : s_copysign.obj (.text)
                  000041a8    00000014                                   : strcpy.obj (.text)
                  000041bc    00000014                                   : strlen.obj (.text)
                  000041d0    00000010     driverlib.lib : interrupt.obj (.text:IntMasterEnable)
                  000041e0    00000010     lcd.obj (.text:lcd_clear)
                  000041f0    0000000e     rtsv7M4_T_le_v4SPD16_eabi.lib : copy_decompress_none.obj (.text:decompress:none)
                  000041fe    0000000c     driverlib.lib : cpu.obj (.text:CPUcpsie)
                  0000420a    0000000c     tm4c123gh6pm_startup_ccs.obj (.text)
                  00004216    00000006     rtsv7M4_T_le_v4SPD16_eabi.lib : copy_decompress_rle.obj (.text:decompress:rle24)
                  0000421c    00000004                                   : pre_init.obj (.text)

.const     0    00004220    000002e4     
                  00004220    00000158     rtsv7M4_T_le_v4SPD16_eabi.lib : k_rem_pio2.obj (.const:$O1$$)
                  00004378    00000101                                   : ctype.obj (.const:.string:_ctypes_)
                  00004479    00000004     lcd.obj (.const:.string:lineAddress$1)
                  0000447d    00000003     --HOLE-- [fill = 0]
                  00004480    00000080     rtsv7M4_T_le_v4SPD16_eabi.lib : k_tan.obj (.const:xxx)
                  00004500    00000004     lcd.obj (.const:.string:lineAddresses$2)

.cinit     0    00004508    0000005c     
                  00004508    00000020     (.cinit..data.load) [load image, compression = rle]
                  00004528    0000000b     (.cinit..vtable.load) [load image, compression = rle]
                  00004533    00000005     --HOLE-- [fill = 0]
                  00004538    00000009     (.cinit..bss.load) [load image, compression = rle]
                  00004541    00000003     --HOLE-- [fill = 0]
                  00004544    00000008     (__TI_handler_table)
                  0000454c    00000018     (__TI_cinit_table)

.init_array 
*          0    00000000    00000000     UNINITIALIZED

.vtable    0    20000000    0000026c     UNINITIALIZED
                  20000000    0000026c     driverlib.lib : interrupt.obj (.vtable)

.stack     0    2000026c    00000800     UNINITIALIZED
                  2000026c    00000800     --HOLE--

.bss       0    20000a6c    00000090     UNINITIALIZED
                  20000a6c    00000054     lcd.obj (.bss:lastbuffer$3)
                  20000ac0    00000034     (.common:isr_char_buffer)
                  20000af4    00000004     (.common:falling_time)
                  20000af8    00000004     (.common:rising_time)

.data      0    20000afc    00000034     UNINITIALIZED
                  20000afc    00000010     sweep.obj (.data)
                  20000b0c    0000000c     rtsv7M4_T_le_v4SPD16_eabi.lib : exit.obj (.data:$O1$$)
                  20000b18    00000008                                   : _lock.obj (.data:$O1$$)
                  20000b20    00000004                                   : errno.obj (.data)
                  20000b24    00000004                                   : stkdepth_vars.obj (.data)
                  20000b28    00000004     sonar.obj (.data)
                  20000b2c    00000004     uart.obj (.data)

MODULE SUMMARY

       Module                         code    ro data   rw data
       ------                         ----    -------   -------
    .\
       tm4c123gh6pm_startup_ccs.obj   12      620       0      
       main.obj                       384     0         0      
    +--+------------------------------+-------+---------+---------+
       Total:                         396     620       0      
                                                               
    .\api\
       lcd.obj                        764     8         84     
       sweep.obj                      748     0         16     
       uart.obj                       628     0         56     
       sonar.obj                      468     0         12     
       Timer.obj                      344     0         0      
       servo.obj                      296     0         0      
       WiFi.obj                       204     0         0      
       ir.obj                         192     0         0      
    +--+------------------------------+-------+---------+---------+
       Total:                         3644    8         168    
                                                               
    C:/ti/TivaWare_C_Series-2.1.2.111/driverlib/ccs/Debug/driverlib.lib
       interrupt.obj                  68      0         620    
       cpu.obj                        12      0         0      
    +--+------------------------------+-------+---------+---------+
       Total:                         80      0         620    
                                                               
    C:\ti\ccsv6\tools\compiler\ti-cgt-arm_15.12.1.LTS\lib\rtsv7M4_T_le_v4SPD16_eabi.lib
       _printfi.obj                   4368    0         0      
       k_rem_pio2.obj                 1856    344       0      
       s_tan.obj                      1296    0         0      
       k_tan.obj                      800     128       0      
       ull_div_t2.obj                 500     0         0      
       fd_add_t2.obj                  438     0         0      
       fd_div_t2.obj                  310     0         0      
       fd_cmp_t2.obj                  268     0         0      
       ctype.obj                      0       257       0      
       fd_mul_t2.obj                  252     0         0      
       s_scalbn.obj                   252     0         0      
       s_floor.obj                    248     0         0      
       memcpy_t2.obj                  156     0         0      
       vsnprintf.obj                  136     0         0      
       memset_t2.obj                  122     0         0      
       autoinit.obj                   112     0         0      
       copy_decompress_rle.obj        112     0         0      
       s_frexp.obj                    100     0         0      
       exit.obj                       84      0         12     
       sprintf.obj                    96      0         0      
       ltoa.obj                       86      0         0      
       boot.obj                       84      0         0      
       atoi.obj                       76      0         0      
       cpy_tbl.obj                    76      0         0      
       fd_toi_t2.obj                  72      0         0      
       i_tofd_t2.obj                  46      0         0      
       u_tofd_t2.obj                  32      0         0      
       _lock.obj                      20      0         8      
       memccpy.obj                    28      0         0      
       args_main.obj                  24      0         0      
       strcmp.obj                     24      0         0      
       strchr.obj                     22      0         0      
       s_copysign.obj                 20      0         0      
       strcpy.obj                     20      0         0      
       strlen.obj                     20      0         0      
       copy_decompress_none.obj       14      0         0      
       errno.obj                      0       0         4      
       pre_init.obj                   4       0         0      
       stkdepth_vars.obj              0       0         4      
       mpu_init.obj                   2       0         0      
       startup.obj                    2       0         0      
    +--+------------------------------+-------+---------+---------+
       Total:                         12178   729       28     
                                                               
       Stack:                         0       0         2048   
       Linker Generated:              0       84        0      
    +--+------------------------------+-------+---------+---------+
       Grand Total:                   16298   1441      2864   


LINKER GENERATED COPY TABLES

__TI_cinit_table @ 0000454c records: 3, size/record: 8, table size: 24
	.data: load addr=00004508, load size=00000020 bytes, run addr=20000afc, run size=00000034 bytes, compression=rle
	.vtable: load addr=00004528, load size=0000000b bytes, run addr=20000000, run size=0000026c bytes, compression=rle
	.bss: load addr=00004538, load size=00000009 bytes, run addr=20000a6c, run size=00000090 bytes, compression=rle


LINKER GENERATED HANDLER TABLE

__TI_handler_table @ 00004544 records: 2, size/record: 4, table size: 8
	index: 0, handler: __TI_decompress_rle24
	index: 1, handler: __TI_decompress_none


GLOBAL SYMBOLS: SORTED ALPHABETICALLY BY Name 

address   name                           
-------   ----                           
00003f65  C$$EXIT                        
000041ff  CPUcpsie                       
000041d1  IntMasterEnable                
00004099  IntRegister                    
0000420b  ResetISR                       
UNDEFED   SHT$$INIT_ARRAY$$Base          
UNDEFED   SHT$$INIT_ARRAY$$Limit         
00002d9b  TIMER3B_Handler                
00002aa5  UART1_Handler                  
000038e1  WiFi_start                     
00003943  WiFi_stop                      
20000a6c  __STACK_END                    
00000800  __STACK_SIZE                   
2000046c  __STACK_TOP                    
0000454c  __TI_CINIT_Base                
00004564  __TI_CINIT_Limit               
00004544  __TI_Handler_Table_Base        
0000454c  __TI_Handler_Table_Limit       
00003d19  __TI_auto_init                 
20000b0c  __TI_cleanup_ptr               
000041f1  __TI_decompress_none           
00004217  __TI_decompress_rle24          
20000b10  __TI_dtors_ptr                 
20000b14  __TI_enable_exit_profile_output
ffffffff  __TI_pprof_out_hndl            
00001077  __TI_printfi                   
ffffffff  __TI_prof_data_size            
ffffffff  __TI_prof_data_start           
00000000  __TI_static_base__             
00003b91  __aeabi_cdcmpeq                
00003b91  __aeabi_cdcmple                
00003c17  __aeabi_cdrcmple               
00004051  __aeabi_d2iz                   
00002f0b  __aeabi_dadd                   
00003391  __aeabi_ddiv                   
000035f1  __aeabi_dmul                   
00002f01  __aeabi_dsub                   
000040cd  __aeabi_i2d                    
00003c9d  __aeabi_memclr                 
00003c9d  __aeabi_memclr4                
00003c9d  __aeabi_memclr8                
00003a6d  __aeabi_memcpy                 
00003a6d  __aeabi_memcpy4                
00003a6d  __aeabi_memcpy8                
00003c9f  __aeabi_memset                 
00003c9f  __aeabi_memset4                
00003c9f  __aeabi_memset8                
000040fb  __aeabi_ui2d                   
00002b39  __aeabi_uldivmod               
ffffffff  __binit__                      
ffffffff  __c_args__                     
0000137d  __kernel_rem_pio2              
00001fcd  __kernel_tan                   
000030b7  __mpu_init                     
2000026c  __stack                        
00004139  _args_main                     
00003f11  _c_int00                       
00004378  _ctypes_                       
20000b18  _lock                          
0000418f  _nop                           
00004187  _register_lock                 
00004181  _register_unlock               
00003951  _sendCommand                   
000034c7  _system_post_cinit             
0000421d  _system_pre_init               
20000b1c  _unlock                        
00003f69  abort                          
00003fb9  atoi                           
ffffffff  binit                          
00003183  calibrateIR                    
000031a3  calibrateServo                 
00004005  copy_in                        
00004195  copysign                       
00004195  copysignl                      
20000b28  count                          
20000afc  degrees                        
20000b20  errno                          
00003f71  exit                           
20000af4  falling_time                   
000037e9  floor                          
000037e9  floorl                         
00003df5  frexp                          
00003df5  frexpl                         
20000000  g_pfnRAMVectors                
00000000  g_pfnVectors                   
0000273d  getAccurateDistance            
000027a3  getIRReading                   
000030d1  handleCommand                  
00002661  handleObjectFound              
00003165  init_all                       
00003a1f  ir_read                        
000039ad  ir_timer_init                  
20000ac0  isr_char_buffer                
20000b2c  isr_counter                    
000041e1  lcd_clear                      
00002485  lcd_gotoLine                   
000022ed  lcd_init                       
000024eb  lcd_printf                     
000023ad  lcd_putc                       
000023e5  lcd_puts                       
00002403  lcd_sendCommand                
00002441  lcd_sendNibble                 
000024ad  lcd_setCursorPos               
000036ed  ldexp                          
000036ed  ldexpl                         
00003eb9  ltoa                           
000030b9  main                           
20000b24  main_func_sp                   
0000411b  memccpy                        
00003a6d  memcpy                         
00003ca5  memset                         
00003551  move_servo                     
00003583  move_servo_return              
20000b00  objCount                       
00002e31  ping_read                      
000027e3  radialToRealC                  
20000af8  rising_time                    
000036ed  scalbn                         
000036ed  scalbnl                        
00002e4b  send_pulse                     
000034c9  servo_timer_init               
20000b04  smallestLocation               
20000b08  smallestWidth                  
00002ddb  sonar_read                     
00002d2d  sonar_timer_init               
00003e59  sprintf                        
00004169  strchr                         
00004151  strcmp                         
000041a9  strcpy                         
000041bd  strlen                         
000025d9  sweep                          
00001abd  tan                            
00001abd  tanl                           
00002e01  time2dist                      
00003349  timer_getClock                 
000032fd  timer_startClock               
00003297  timer_startTimer               
0000334f  timer_stopClock                
000032e7  timer_stopTimer                
0000326d  timer_waitMicros               
00003239  timer_waitMillis               
0000283d  toRadians                      
00002a29  uart_flush                     
000028c5  uart_init                      
000029e7  uart_receive                   
00002975  uart_receivePacket             
000029bd  uart_sendBuffer                
000029a1  uart_sendChar                  
00002a89  uart_sendNum                   
00002a47  uart_sendStr                   
00002a6b  uart_sendStrNoNewline          
00003b09  vsnprintf                      


GLOBAL SYMBOLS: SORTED BY Symbol Address 

address   name                           
-------   ----                           
00000000  __TI_static_base__             
00000000  g_pfnVectors                   
00000800  __STACK_SIZE                   
00001077  __TI_printfi                   
0000137d  __kernel_rem_pio2              
00001abd  tan                            
00001abd  tanl                           
00001fcd  __kernel_tan                   
000022ed  lcd_init                       
000023ad  lcd_putc                       
000023e5  lcd_puts                       
00002403  lcd_sendCommand                
00002441  lcd_sendNibble                 
00002485  lcd_gotoLine                   
000024ad  lcd_setCursorPos               
000024eb  lcd_printf                     
000025d9  sweep                          
00002661  handleObjectFound              
0000273d  getAccurateDistance            
000027a3  getIRReading                   
000027e3  radialToRealC                  
0000283d  toRadians                      
000028c5  uart_init                      
00002975  uart_receivePacket             
000029a1  uart_sendChar                  
000029bd  uart_sendBuffer                
000029e7  uart_receive                   
00002a29  uart_flush                     
00002a47  uart_sendStr                   
00002a6b  uart_sendStrNoNewline          
00002a89  uart_sendNum                   
00002aa5  UART1_Handler                  
00002b39  __aeabi_uldivmod               
00002d2d  sonar_timer_init               
00002d9b  TIMER3B_Handler                
00002ddb  sonar_read                     
00002e01  time2dist                      
00002e31  ping_read                      
00002e4b  send_pulse                     
00002f01  __aeabi_dsub                   
00002f0b  __aeabi_dadd                   
000030b7  __mpu_init                     
000030b9  main                           
000030d1  handleCommand                  
00003165  init_all                       
00003183  calibrateIR                    
000031a3  calibrateServo                 
00003239  timer_waitMillis               
0000326d  timer_waitMicros               
00003297  timer_startTimer               
000032e7  timer_stopTimer                
000032fd  timer_startClock               
00003349  timer_getClock                 
0000334f  timer_stopClock                
00003391  __aeabi_ddiv                   
000034c7  _system_post_cinit             
000034c9  servo_timer_init               
00003551  move_servo                     
00003583  move_servo_return              
000035f1  __aeabi_dmul                   
000036ed  ldexp                          
000036ed  ldexpl                         
000036ed  scalbn                         
000036ed  scalbnl                        
000037e9  floor                          
000037e9  floorl                         
000038e1  WiFi_start                     
00003943  WiFi_stop                      
00003951  _sendCommand                   
000039ad  ir_timer_init                  
00003a1f  ir_read                        
00003a6d  __aeabi_memcpy                 
00003a6d  __aeabi_memcpy4                
00003a6d  __aeabi_memcpy8                
00003a6d  memcpy                         
00003b09  vsnprintf                      
00003b91  __aeabi_cdcmpeq                
00003b91  __aeabi_cdcmple                
00003c17  __aeabi_cdrcmple               
00003c9d  __aeabi_memclr                 
00003c9d  __aeabi_memclr4                
00003c9d  __aeabi_memclr8                
00003c9f  __aeabi_memset                 
00003c9f  __aeabi_memset4                
00003c9f  __aeabi_memset8                
00003ca5  memset                         
00003d19  __TI_auto_init                 
00003df5  frexp                          
00003df5  frexpl                         
00003e59  sprintf                        
00003eb9  ltoa                           
00003f11  _c_int00                       
00003f65  C$$EXIT                        
00003f69  abort                          
00003f71  exit                           
00003fb9  atoi                           
00004005  copy_in                        
00004051  __aeabi_d2iz                   
00004099  IntRegister                    
000040cd  __aeabi_i2d                    
000040fb  __aeabi_ui2d                   
0000411b  memccpy                        
00004139  _args_main                     
00004151  strcmp                         
00004169  strchr                         
00004181  _register_unlock               
00004187  _register_lock                 
0000418f  _nop                           
00004195  copysign                       
00004195  copysignl                      
000041a9  strcpy                         
000041bd  strlen                         
000041d1  IntMasterEnable                
000041e1  lcd_clear                      
000041f1  __TI_decompress_none           
000041ff  CPUcpsie                       
0000420b  ResetISR                       
00004217  __TI_decompress_rle24          
0000421d  _system_pre_init               
00004378  _ctypes_                       
00004544  __TI_Handler_Table_Base        
0000454c  __TI_CINIT_Base                
0000454c  __TI_Handler_Table_Limit       
00004564  __TI_CINIT_Limit               
20000000  g_pfnRAMVectors                
2000026c  __stack                        
2000046c  __STACK_TOP                    
20000a6c  __STACK_END                    
20000ac0  isr_char_buffer                
20000af4  falling_time                   
20000af8  rising_time                    
20000afc  degrees                        
20000b00  objCount                       
20000b04  smallestLocation               
20000b08  smallestWidth                  
20000b0c  __TI_cleanup_ptr               
20000b10  __TI_dtors_ptr                 
20000b14  __TI_enable_exit_profile_output
20000b18  _lock                          
20000b1c  _unlock                        
20000b20  errno                          
20000b24  main_func_sp                   
20000b28  count                          
20000b2c  isr_counter                    
ffffffff  __TI_pprof_out_hndl            
ffffffff  __TI_prof_data_size            
ffffffff  __TI_prof_data_start           
ffffffff  __binit__                      
ffffffff  __c_args__                     
ffffffff  binit                          
UNDEFED   SHT$$INIT_ARRAY$$Base          
UNDEFED   SHT$$INIT_ARRAY$$Limit         

[152 symbols]
