******************************************************************************
                  TI ARM Linker PC v15.12.1                    
******************************************************************************
>> Linked Wed Nov 30 21:59:19 2016

OUTPUT FILE NAME:   <Rover.out>
ENTRY POINT SYMBOL: "_c_int00"  address: 00004df9


MEMORY CONFIGURATION

         name            origin    length      used     unused   attr    fill
----------------------  --------  ---------  --------  --------  ----  --------
  FLASH                 00000000   00040000  00005483  0003ab7d  R  X
  SRAM                  20000000   00008000  00000f5c  000070a4  RW X


SEGMENT ALLOCATION MAP

run origin  load origin   length   init length attrs members
----------  ----------- ---------- ----------- ----- -------
00000000    00000000    00005484   00005484    r-x
  00000000    00000000    0000026c   0000026c    r-- .intvecs
  0000026c    0000026c    00004eb4   00004eb4    r-x .text
  00005120    00005120    000002f7   000002f7    r-- .const
  00005418    00005418    0000006c   0000006c    r-- .cinit
20000000    20000000    00000f60   00000000    rw-
  20000000    20000000    0000026c   00000000    rw- .vtable
  2000026c    2000026c    00000800   00000000    rw- .stack
  20000a70    20000a70    00000400   00000000    rw- .sysmem
  20000e70    20000e70    000000ac   00000000    rw- .bss
  20000f1c    20000f1c    00000044   00000000    rw- .data


SECTION ALLOCATION MAP

 output                                  attributes/
section   page    origin      length       input sections
--------  ----  ----------  ----------   ----------------
.intvecs   0    00000000    0000026c     
                  00000000    0000026c     tm4c123gh6pm_startup_ccs.obj (.intvecs)

.text      0    0000026c    00004eb4     
                  0000026c    00001110     rtsv7M4_T_le_v4SPD16_eabi.lib : _printfi.obj (.text)
                  0000137c    00000980     open_interface.obj (.text)
                  00001cfc    00000740     rtsv7M4_T_le_v4SPD16_eabi.lib : k_rem_pio2.obj (.text)
                  0000243c    00000510                                   : s_tan.obj (.text)
                  0000294c    000003dc                                   : memory.obj (.text)
                  00002d28    00000320                                   : k_tan.obj (.text)
                  00003048    000002ec     lcd.obj (.text)
                  00003334    000002ec     sweep.obj (.text)
                  00003620    00000280     uart.obj (.text)
                  000038a0    000001f4     rtsv7M4_T_le_v4SPD16_eabi.lib : ull_div_t2.obj (.text)
                  00003a94    000001e8     main.obj (.text)
                  00003c7c    000001e2     movement.obj (.text)
                  00003e5e    00000002     rtsv7M4_T_le_v4SPD16_eabi.lib : mpu_init.obj (.text)
                  00003e60    000001d4     sonar.obj (.text)
                  00004034    000001b6     rtsv7M4_T_le_v4SPD16_eabi.lib : fd_add_t2.obj (.text)
                  000041ea    00000002                                   : startup.obj (.text)
                  000041ec    00000158     Timer.obj (.text)
                  00004344    00000136     rtsv7M4_T_le_v4SPD16_eabi.lib : fd_div_t2.obj (.text)
                  0000447a    00000002     --HOLE-- [fill = 0]
                  0000447c    00000128     servo.obj (.text)
                  000045a4    000000fc     rtsv7M4_T_le_v4SPD16_eabi.lib : fd_mul_t2.obj (.text)
                  000046a0    000000fc                                   : s_scalbn.obj (.text)
                  0000479c    000000f8                                   : s_floor.obj (.text)
                  00004894    000000c0     ir.obj (.text)
                  00004954    0000009c     rtsv7M4_T_le_v4SPD16_eabi.lib : memcpy_t2.obj (.text)
                  000049f0    00000088                                   : vsnprintf.obj (.text)
                  00004a78    00000086                                   : fd_cmp_t2.obj (.text:__aeabi_cdcmple)
                  00004afe    00000086                                   : fd_cmp_t2.obj (.text:__aeabi_cdrcmple)
                  00004b84    0000007a                                   : memset_t2.obj (.text)
                  00004bfe    00000002     --HOLE-- [fill = 0]
                  00004c00    00000070                                   : autoinit.obj (.text)
                  00004c70    0000006a                                   : copy_decompress_rle.obj (.text)
                  00004cda    00000002     --HOLE-- [fill = 0]
                  00004cdc    00000064                                   : s_frexp.obj (.text)
                  00004d40    00000060                                   : sprintf.obj (.text)
                  00004da0    00000056                                   : ltoa.obj (.text)
                  00004df6    00000002     --HOLE-- [fill = 0]
                  00004df8    00000054                                   : boot.obj (.text)
                  00004e4c    00000054                                   : exit.obj (.text)
                  00004ea0    0000004c                                   : atoi.obj (.text)
                  00004eec    0000004c                                   : cpy_tbl.obj (.text)
                  00004f38    00000048                                   : fd_toi_t2.obj (.text)
                  00004f80    00000034     driverlib.lib : interrupt.obj (.text:IntRegister)
                  00004fb4    0000002e     rtsv7M4_T_le_v4SPD16_eabi.lib : i_tofd_t2.obj (.text)
                  00004fe2    00000020                                   : u_tofd_t2.obj (.text)
                  00005002    0000001c                                   : memccpy.obj (.text)
                  0000501e    00000018     open_interface.obj (.text:oi_parseInt)
                  00005036    00000002     --HOLE-- [fill = 0]
                  00005038    00000018     rtsv7M4_T_le_v4SPD16_eabi.lib : args_main.obj (.text)
                  00005050    00000018                                   : strcmp.obj (.text)
                  00005068    00000016                                   : strchr.obj (.text)
                  0000507e    00000002     --HOLE-- [fill = 0]
                  00005080    00000014                                   : _lock.obj (.text)
                  00005094    00000014                                   : s_copysign.obj (.text)
                  000050a8    00000014                                   : strcpy.obj (.text)
                  000050bc    00000014                                   : strlen.obj (.text)
                  000050d0    00000010     driverlib.lib : interrupt.obj (.text:IntMasterEnable)
                  000050e0    00000010     lcd.obj (.text:lcd_clear)
                  000050f0    0000000e     rtsv7M4_T_le_v4SPD16_eabi.lib : copy_decompress_none.obj (.text:decompress:none)
                  000050fe    0000000c     driverlib.lib : cpu.obj (.text:CPUcpsie)
                  0000510a    0000000c     tm4c123gh6pm_startup_ccs.obj (.text)
                  00005116    00000006     rtsv7M4_T_le_v4SPD16_eabi.lib : copy_decompress_rle.obj (.text:decompress:rle24)
                  0000511c    00000004                                   : pre_init.obj (.text)

.const     0    00005120    000002f7     
                  00005120    00000158     rtsv7M4_T_le_v4SPD16_eabi.lib : k_rem_pio2.obj (.const:$O1$$)
                  00005278    00000101                                   : ctype.obj (.const:.string:_ctypes_)
                  00005379    00000005     uart.obj (.const:.string:$P$T0$1)
                  0000537e    00000002     --HOLE-- [fill = 0]
                  00005380    00000080     rtsv7M4_T_le_v4SPD16_eabi.lib : k_tan.obj (.const:xxx)
                  00005400    0000000f     open_interface.obj (.const:.string:$P$T0$3)
                  0000540f    00000004     lcd.obj (.const:.string:lineAddress$1)
                  00005413    00000004     lcd.obj (.const:.string:lineAddresses$2)

.cinit     0    00005418    0000006c     
                  00005418    0000002b     (.cinit..data.load) [load image, compression = rle]
                  00005443    00000005     --HOLE-- [fill = 0]
                  00005448    0000000b     (.cinit..vtable.load) [load image, compression = rle]
                  00005453    00000005     --HOLE-- [fill = 0]
                  00005458    00000009     (.cinit..bss.load) [load image, compression = rle]
                  00005461    00000003     --HOLE-- [fill = 0]
                  00005464    00000008     (__TI_handler_table)
                  0000546c    00000018     (__TI_cinit_table)

.init_array 
*          0    00000000    00000000     UNINITIALIZED

.vtable    0    20000000    0000026c     UNINITIALIZED
                  20000000    0000026c     driverlib.lib : interrupt.obj (.vtable)

.stack     0    2000026c    00000800     UNINITIALIZED
                  2000026c    00000800     --HOLE--

.sysmem    0    20000a70    00000400     UNINITIALIZED
                  20000a70    00000008     rtsv7M4_T_le_v4SPD16_eabi.lib : memory.obj (.sysmem)
                  20000a78    000003f8     --HOLE--

.bss       0    20000e70    000000ac     UNINITIALIZED
                  20000e70    00000054     lcd.obj (.bss:lastbuffer$3)
                  20000ec4    00000034     (.common:isr_char_buffer)
                  20000ef8    00000018     open_interface.obj (.bss:firmware$2)
                  20000f10    00000004     (.common:falling_time)
                  20000f14    00000004     (.common:rising_time)
                  20000f18    00000004     (.common:sensor)

.data      0    20000f1c    00000044     UNINITIALIZED
                  20000f1c    00000010     sweep.obj (.data)
                  20000f2c    0000000c     rtsv7M4_T_le_v4SPD16_eabi.lib : exit.obj (.data:$O1$$)
                  20000f38    0000000c                                   : memory.obj (.data:$O1$$)
                  20000f44    00000008                                   : _lock.obj (.data:$O1$$)
                  20000f4c    00000004     open_interface.obj (.data)
                  20000f50    00000004     rtsv7M4_T_le_v4SPD16_eabi.lib : errno.obj (.data)
                  20000f54    00000004                                   : stkdepth_vars.obj (.data)
                  20000f58    00000004     sonar.obj (.data)
                  20000f5c    00000004     uart.obj (.data)

MODULE SUMMARY

       Module                         code    ro data   rw data
       ------                         ----    -------   -------
    .\
       tm4c123gh6pm_startup_ccs.obj   12      620       0      
       main.obj                       488     0         4      
    +--+------------------------------+-------+---------+---------+
       Total:                         500     620       4      
                                                               
    .\api\
       open_interface.obj             2456    15        28     
       lcd.obj                        764     8         84     
       sweep.obj                      748     0         16     
       uart.obj                       640     5         56     
       movement.obj                   482     0         0      
       sonar.obj                      468     0         12     
       Timer.obj                      344     0         0      
       servo.obj                      296     0         0      
       ir.obj                         192     0         0      
    +--+------------------------------+-------+---------+---------+
       Total:                         6390    28        196    
                                                               
    C:/ti/TivaWare_C_Series-2.1.2.111/driverlib/ccs/Debug/driverlib.lib
       interrupt.obj                  68      0         620    
       cpu.obj                        12      0         0      
    +--+------------------------------+-------+---------+---------+
       Total:                         80      0         620    
                                                               
    C:\ti\ccsv6\tools\compiler\ti-cgt-arm_15.12.1.LTS\lib\rtsv7M4_T_le_v4SPD16_eabi.lib
       _printfi.obj                   4368    0         0      
       k_rem_pio2.obj                 1856    344       0      
       s_tan.obj                      1296    0         0      
       memory.obj                     988     0         12     
       k_tan.obj                      800     128       0      
       ull_div_t2.obj                 500     0         0      
       fd_add_t2.obj                  438     0         0      
       fd_div_t2.obj                  310     0         0      
       fd_cmp_t2.obj                  268     0         0      
       ctype.obj                      0       257       0      
       fd_mul_t2.obj                  252     0         0      
       s_scalbn.obj                   252     0         0      
       s_floor.obj                    248     0         0      
       memcpy_t2.obj                  156     0         0      
       vsnprintf.obj                  136     0         0      
       memset_t2.obj                  122     0         0      
       autoinit.obj                   112     0         0      
       copy_decompress_rle.obj        112     0         0      
       s_frexp.obj                    100     0         0      
       exit.obj                       84      0         12     
       sprintf.obj                    96      0         0      
       ltoa.obj                       86      0         0      
       boot.obj                       84      0         0      
       atoi.obj                       76      0         0      
       cpy_tbl.obj                    76      0         0      
       fd_toi_t2.obj                  72      0         0      
       i_tofd_t2.obj                  46      0         0      
       u_tofd_t2.obj                  32      0         0      
       _lock.obj                      20      0         8      
       memccpy.obj                    28      0         0      
       args_main.obj                  24      0         0      
       strcmp.obj                     24      0         0      
       strchr.obj                     22      0         0      
       s_copysign.obj                 20      0         0      
       strcpy.obj                     20      0         0      
       strlen.obj                     20      0         0      
       copy_decompress_none.obj       14      0         0      
       errno.obj                      0       0         4      
       pre_init.obj                   4       0         0      
       stkdepth_vars.obj              0       0         4      
       mpu_init.obj                   2       0         0      
       startup.obj                    2       0         0      
    +--+------------------------------+-------+---------+---------+
       Total:                         13166   729       40     
                                                               
       Heap:                          0       0         1024   
       Stack:                         0       0         2048   
       Linker Generated:              0       95        0      
    +--+------------------------------+-------+---------+---------+
       Grand Total:                   20136   1472      3932   


LINKER GENERATED COPY TABLES

__TI_cinit_table @ 0000546c records: 3, size/record: 8, table size: 24
	.data: load addr=00005418, load size=0000002b bytes, run addr=20000f1c, run size=00000044 bytes, compression=rle
	.vtable: load addr=00005448, load size=0000000b bytes, run addr=20000000, run size=0000026c bytes, compression=rle
	.bss: load addr=00005458, load size=00000009 bytes, run addr=20000e70, run size=000000ac bytes, compression=rle


LINKER GENERATED HANDLER TABLE

__TI_handler_table @ 00005464 records: 2, size/record: 4, table size: 8
	index: 0, handler: __TI_decompress_rle24
	index: 1, handler: __TI_decompress_none


GLOBAL SYMBOLS: SORTED ALPHABETICALLY BY Name 

address   name                           
-------   ----                           
00004e4d  C$$EXIT                        
000050ff  CPUcpsie                       
00001c71  GPIOF_Handler                  
000050d1  IntMasterEnable                
00004f81  IntRegister                    
0000510b  ResetISR                       
UNDEFED   SHT$$INIT_ARRAY$$Base          
UNDEFED   SHT$$INIT_ARRAY$$Limit         
00003ecf  TIMER3B_Handler                
00003807  UART1_Handler                  
20000a6c  __STACK_END                    
00000800  __STACK_SIZE                   
2000046c  __STACK_TOP                    
00000400  __SYSMEM_SIZE                  
0000546c  __TI_CINIT_Base                
00005484  __TI_CINIT_Limit               
00005464  __TI_Handler_Table_Base        
0000546c  __TI_Handler_Table_Limit       
00004c01  __TI_auto_init                 
20000f2c  __TI_cleanup_ptr               
000050f1  __TI_decompress_none           
00005117  __TI_decompress_rle24          
20000f30  __TI_dtors_ptr                 
20000f34  __TI_enable_exit_profile_output
ffffffff  __TI_pprof_out_hndl            
00001077  __TI_printfi                   
ffffffff  __TI_prof_data_size            
ffffffff  __TI_prof_data_start           
00000000  __TI_static_base__             
00004a79  __aeabi_cdcmpeq                
00004a79  __aeabi_cdcmple                
00004aff  __aeabi_cdrcmple               
00004f39  __aeabi_d2iz                   
0000403f  __aeabi_dadd                   
00004345  __aeabi_ddiv                   
000045a5  __aeabi_dmul                   
00004035  __aeabi_dsub                   
00004fb5  __aeabi_i2d                    
00004b85  __aeabi_memclr                 
00004b85  __aeabi_memclr4                
00004b85  __aeabi_memclr8                
00004955  __aeabi_memcpy                 
00004955  __aeabi_memcpy4                
00004955  __aeabi_memcpy8                
00004b87  __aeabi_memset                 
00004b87  __aeabi_memset4                
00004b87  __aeabi_memset8                
00004fe3  __aeabi_ui2d                   
000038a1  __aeabi_uldivmod               
ffffffff  __binit__                      
ffffffff  __c_args__                     
00001cfd  __kernel_rem_pio2              
00002d29  __kernel_tan                   
00003e5f  __mpu_init                     
2000026c  __stack                        
00005039  _args_main                     
00004df9  _c_int00                       
00005278  _ctypes_                       
20000f44  _lock                          
0000508f  _nop                           
00005087  _register_lock                 
00005081  _register_unlock               
20000a70  _sys_memory                    
000041eb  _system_post_cinit             
0000511d  _system_pre_init               
20000f48  _unlock                        
00004e51  abort                          
00004ea1  atoi                           
ffffffff  binit                          
00003bef  calibrateIR                    
00003c0f  calibrateServo                 
00002cf5  calloc                         
00003cdf  checkCliff                     
00003c7d  checkLine                      
00003cbb  checkObstacle                  
00004eed  copy_in                        
00005095  copysign                       
00005095  copysignl                      
20000f58  count                          
20000f1c  degrees                        
20000f50  errno                          
00004e59  exit                           
20000f10  falling_time                   
0000479d  floor                          
0000479d  floorl                         
00002a43  free                           
00004cdd  frexp                          
00004cdd  frexpl                         
20000000  g_pfnRAMVectors                
00000000  g_pfnVectors                   
00003499  getAccurateDistance            
000034ff  getIRReading                   
00001a23  go_charge                      
00003aa9  handleCommand                  
000033bd  handleObjectFound              
00003bc7  init_all                       
00004907  ir_read                        
00004895  ir_timer_init                  
20000ec4  isr_char_buffer                
20000f5c  isr_counter                    
000050e1  lcd_clear                      
000031e1  lcd_gotoLine                   
00003049  lcd_init                       
00003247  lcd_printf                     
00003109  lcd_putc                       
00003141  lcd_puts                       
0000315f  lcd_sendCommand                
0000319d  lcd_sendNibble                 
00003209  lcd_setCursorPos               
000046a1  ldexp                          
000046a1  ldexpl                         
00004da1  ltoa                           
00003a95  main                           
20000f54  main_func_sp                   
000029db  malloc                         
00002c11  memalign                       
00005003  memccpy                        
00004955  memcpy                         
00004b8d  memset                         
0000294d  minit                          
00003d8b  move_backwards                 
00003d17  move_forward                   
00004505  move_servo                     
00004537  move_servo_return              
20000f20  objCount                       
0000137d  oi_alloc                       
00001b4d  oi_checkFirmware               
000013d3  oi_close                       
00001389  oi_free                        
000013bd  oi_init                        
00001399  oi_init_noupdate               
000019b9  oi_loadSong                    
0000501f  oi_parseInt                    
00001437  oi_parsePacket                 
00001a0f  oi_play_song                   
00001933  oi_setLeds                     
00001977  oi_setWheels                   
00001bff  oi_shutoff_init                
00001a31  oi_uartInit                    
00001ad5  oi_uartReceive                 
00001b1b  oi_uartSendBuff                
00001ab9  oi_uartSendChar                
00001afd  oi_uartSendStr                 
000013e5  oi_update                      
00003b89  parseInt                       
00003f65  ping_read                      
0000353f  radialToRealC                  
00002b05  realloc                        
20000f14  rising_time                    
000046a1  scalbn                         
000046a1  scalbnl                        
00003f7f  send_pulse                     
20000f18  sensor                         
0000447d  servo_timer_init               
20000f24  smallestLocation               
20000f28  smallestWidth                  
00003f0f  sonar_read                     
00003e61  sonar_timer_init               
00004d41  sprintf                        
00005069  strchr                         
00005051  strcmp                         
000050a9  strcpy                         
000050bd  strlen                         
00003335  sweep                          
0000243d  tan                            
0000243d  tanl                           
00003f35  time2dist                      
000042fd  timer_getClock                 
000042b1  timer_startClock               
0000424b  timer_startTimer               
00004303  timer_stopClock                
0000429b  timer_stopTimer                
00004221  timer_waitMicros               
000041ed  timer_waitMillis               
00003599  toRadians                      
00003e19  turn_cclockwise                
00003dd3  turn_clockwise                 
0000378b  uart_flush                     
00003621  uart_init                      
00003749  uart_receive                   
000036d1  uart_receivePacket             
0000371f  uart_sendBuffer                
00003703  uart_sendChar                  
000037eb  uart_sendNum                   
000037a9  uart_sendStr                   
000037cd  uart_sendStrNoNewline          
000049f1  vsnprintf                      


GLOBAL SYMBOLS: SORTED BY Symbol Address 

address   name                           
-------   ----                           
00000000  __TI_static_base__             
00000000  g_pfnVectors                   
00000400  __SYSMEM_SIZE                  
00000800  __STACK_SIZE                   
00001077  __TI_printfi                   
0000137d  oi_alloc                       
00001389  oi_free                        
00001399  oi_init_noupdate               
000013bd  oi_init                        
000013d3  oi_close                       
000013e5  oi_update                      
00001437  oi_parsePacket                 
00001933  oi_setLeds                     
00001977  oi_setWheels                   
000019b9  oi_loadSong                    
00001a0f  oi_play_song                   
00001a23  go_charge                      
00001a31  oi_uartInit                    
00001ab9  oi_uartSendChar                
00001ad5  oi_uartReceive                 
00001afd  oi_uartSendStr                 
00001b1b  oi_uartSendBuff                
00001b4d  oi_checkFirmware               
00001bff  oi_shutoff_init                
00001c71  GPIOF_Handler                  
00001cfd  __kernel_rem_pio2              
0000243d  tan                            
0000243d  tanl                           
0000294d  minit                          
000029db  malloc                         
00002a43  free                           
00002b05  realloc                        
00002c11  memalign                       
00002cf5  calloc                         
00002d29  __kernel_tan                   
00003049  lcd_init                       
00003109  lcd_putc                       
00003141  lcd_puts                       
0000315f  lcd_sendCommand                
0000319d  lcd_sendNibble                 
000031e1  lcd_gotoLine                   
00003209  lcd_setCursorPos               
00003247  lcd_printf                     
00003335  sweep                          
000033bd  handleObjectFound              
00003499  getAccurateDistance            
000034ff  getIRReading                   
0000353f  radialToRealC                  
00003599  toRadians                      
00003621  uart_init                      
000036d1  uart_receivePacket             
00003703  uart_sendChar                  
0000371f  uart_sendBuffer                
00003749  uart_receive                   
0000378b  uart_flush                     
000037a9  uart_sendStr                   
000037cd  uart_sendStrNoNewline          
000037eb  uart_sendNum                   
00003807  UART1_Handler                  
000038a1  __aeabi_uldivmod               
00003a95  main                           
00003aa9  handleCommand                  
00003b89  parseInt                       
00003bc7  init_all                       
00003bef  calibrateIR                    
00003c0f  calibrateServo                 
00003c7d  checkLine                      
00003cbb  checkObstacle                  
00003cdf  checkCliff                     
00003d17  move_forward                   
00003d8b  move_backwards                 
00003dd3  turn_clockwise                 
00003e19  turn_cclockwise                
00003e5f  __mpu_init                     
00003e61  sonar_timer_init               
00003ecf  TIMER3B_Handler                
00003f0f  sonar_read                     
00003f35  time2dist                      
00003f65  ping_read                      
00003f7f  send_pulse                     
00004035  __aeabi_dsub                   
0000403f  __aeabi_dadd                   
000041eb  _system_post_cinit             
000041ed  timer_waitMillis               
00004221  timer_waitMicros               
0000424b  timer_startTimer               
0000429b  timer_stopTimer                
000042b1  timer_startClock               
000042fd  timer_getClock                 
00004303  timer_stopClock                
00004345  __aeabi_ddiv                   
0000447d  servo_timer_init               
00004505  move_servo                     
00004537  move_servo_return              
000045a5  __aeabi_dmul                   
000046a1  ldexp                          
000046a1  ldexpl                         
000046a1  scalbn                         
000046a1  scalbnl                        
0000479d  floor                          
0000479d  floorl                         
00004895  ir_timer_init                  
00004907  ir_read                        
00004955  __aeabi_memcpy                 
00004955  __aeabi_memcpy4                
00004955  __aeabi_memcpy8                
00004955  memcpy                         
000049f1  vsnprintf                      
00004a79  __aeabi_cdcmpeq                
00004a79  __aeabi_cdcmple                
00004aff  __aeabi_cdrcmple               
00004b85  __aeabi_memclr                 
00004b85  __aeabi_memclr4                
00004b85  __aeabi_memclr8                
00004b87  __aeabi_memset                 
00004b87  __aeabi_memset4                
00004b87  __aeabi_memset8                
00004b8d  memset                         
00004c01  __TI_auto_init                 
00004cdd  frexp                          
00004cdd  frexpl                         
00004d41  sprintf                        
00004da1  ltoa                           
00004df9  _c_int00                       
00004e4d  C$$EXIT                        
00004e51  abort                          
00004e59  exit                           
00004ea1  atoi                           
00004eed  copy_in                        
00004f39  __aeabi_d2iz                   
00004f81  IntRegister                    
00004fb5  __aeabi_i2d                    
00004fe3  __aeabi_ui2d                   
00005003  memccpy                        
0000501f  oi_parseInt                    
00005039  _args_main                     
00005051  strcmp                         
00005069  strchr                         
00005081  _register_unlock               
00005087  _register_lock                 
0000508f  _nop                           
00005095  copysign                       
00005095  copysignl                      
000050a9  strcpy                         
000050bd  strlen                         
000050d1  IntMasterEnable                
000050e1  lcd_clear                      
000050f1  __TI_decompress_none           
000050ff  CPUcpsie                       
0000510b  ResetISR                       
00005117  __TI_decompress_rle24          
0000511d  _system_pre_init               
00005278  _ctypes_                       
00005464  __TI_Handler_Table_Base        
0000546c  __TI_CINIT_Base                
0000546c  __TI_Handler_Table_Limit       
00005484  __TI_CINIT_Limit               
20000000  g_pfnRAMVectors                
2000026c  __stack                        
2000046c  __STACK_TOP                    
20000a6c  __STACK_END                    
20000a70  _sys_memory                    
20000ec4  isr_char_buffer                
20000f10  falling_time                   
20000f14  rising_time                    
20000f18  sensor                         
20000f1c  degrees                        
20000f20  objCount                       
20000f24  smallestLocation               
20000f28  smallestWidth                  
20000f2c  __TI_cleanup_ptr               
20000f30  __TI_dtors_ptr                 
20000f34  __TI_enable_exit_profile_output
20000f44  _lock                          
20000f48  _unlock                        
20000f50  errno                          
20000f54  main_func_sp                   
20000f58  count                          
20000f5c  isr_counter                    
ffffffff  __TI_pprof_out_hndl            
ffffffff  __TI_prof_data_size            
ffffffff  __TI_prof_data_start           
ffffffff  __binit__                      
ffffffff  __c_args__                     
ffffffff  binit                          
UNDEFED   SHT$$INIT_ARRAY$$Base          
UNDEFED   SHT$$INIT_ARRAY$$Limit         

[187 symbols]
