******************************************************************************
                  TI ARM Linker PC v15.12.1                    
******************************************************************************
>> Linked Thu Oct 13 11:47:18 2016

OUTPUT FILE NAME:   <Lab7New.out>
ENTRY POINT SYMBOL: "_c_int00"  address: 00002465


MEMORY CONFIGURATION

         name            origin    length      used     unused   attr    fill
----------------------  --------  ---------  --------  --------  ----  --------
  FLASH                 00000000   00040000  000028b1  0003d74f  R  X
  SRAM                  20000000   00008000  00000ae4  0000751c  RW X


SEGMENT ALLOCATION MAP

run origin  load origin   length   init length attrs members
----------  ----------- ---------- ----------- ----- -------
00000000    00000000    000028b4   000028b4    r-x
  00000000    00000000    0000026c   0000026c    r-- .intvecs
  0000026c    0000026c    000024e8   000024e8    r-x .text
  00002754    00002754    00000109   00000109    r-- .const
  00002860    00002860    00000054   00000054    r-- .cinit
20000000    20000000    00000ae4   00000000    rw-
  20000000    20000000    0000026c   00000000    rw- .vtable
  2000026c    2000026c    00000800   00000000    rw- .stack
  20000a6c    20000a6c    0000005c   00000000    rw- .bss
  20000ac8    20000ac8    0000001c   00000000    rw- .data


SECTION ALLOCATION MAP

 output                                  attributes/
section   page    origin      length       input sections
--------  ----  ----------  ----------   ----------------
.intvecs   0    00000000    0000026c     
                  00000000    0000026c     tm4c123gh6pm_startup_ccs.obj (.intvecs)

.text      0    0000026c    000024e8     
                  0000026c    00001110     rtsv7M4_T_le_v4SPD16_eabi.lib : _printfi.obj (.text)
                  0000137c    000002ec     lcd.obj (.text)
                  00001668    000001f4     rtsv7M4_T_le_v4SPD16_eabi.lib : ull_div_t2.obj (.text)
                  0000185c    000001b6                                   : fd_add_t2.obj (.text)
                  00001a12    00000002                                   : mpu_init.obj (.text)
                  00001a14    00000184     main.obj (.text)
                  00001b98    00000158     Timer.obj (.text)
                  00001cf0    00000136     rtsv7M4_T_le_v4SPD16_eabi.lib : fd_div_t2.obj (.text)
                  00001e26    000000fc                                   : fd_mul_t2.obj (.text)
                  00001f22    00000002                                   : startup.obj (.text)
                  00001f24    000000fc                                   : s_scalbn.obj (.text)
                  00002020    0000009c                                   : memcpy_t2.obj (.text)
                  000020bc    00000088                                   : vsnprintf.obj (.text)
                  00002144    00000086                                   : fd_cmp_t2.obj (.text:__aeabi_cdcmple)
                  000021ca    00000086                                   : fd_cmp_t2.obj (.text:__aeabi_cdrcmple)
                  00002250    0000007a                                   : memset_t2.obj (.text)
                  000022ca    00000002     --HOLE-- [fill = 0]
                  000022cc    00000070                                   : autoinit.obj (.text)
                  0000233c    0000006a                                   : copy_decompress_rle.obj (.text)
                  000023a6    00000002     --HOLE-- [fill = 0]
                  000023a8    00000064                                   : s_frexp.obj (.text)
                  0000240c    00000056                                   : ltoa.obj (.text)
                  00002462    00000002     --HOLE-- [fill = 0]
                  00002464    00000054                                   : boot.obj (.text)
                  000024b8    00000054                                   : exit.obj (.text)
                  0000250c    0000004c                                   : atoi.obj (.text)
                  00002558    0000004c                                   : cpy_tbl.obj (.text)
                  000025a4    00000048                                   : fd_toi_t2.obj (.text)
                  000025ec    00000034     driverlib.lib : interrupt.obj (.text:IntRegister)
                  00002620    0000002e     rtsv7M4_T_le_v4SPD16_eabi.lib : i_tofd_t2.obj (.text)
                  0000264e    0000001c                                   : memccpy.obj (.text)
                  0000266a    00000002     --HOLE-- [fill = 0]
                  0000266c    00000018                                   : args_main.obj (.text)
                  00002684    00000018                                   : strcmp.obj (.text)
                  0000269c    00000016                                   : strchr.obj (.text)
                  000026b2    00000002     --HOLE-- [fill = 0]
                  000026b4    00000014                                   : _lock.obj (.text)
                  000026c8    00000014                                   : s_copysign.obj (.text)
                  000026dc    00000014                                   : strcpy.obj (.text)
                  000026f0    00000014                                   : strlen.obj (.text)
                  00002704    00000010     driverlib.lib : interrupt.obj (.text:IntMasterEnable)
                  00002714    00000010     lcd.obj (.text:lcd_clear)
                  00002724    0000000e     rtsv7M4_T_le_v4SPD16_eabi.lib : copy_decompress_none.obj (.text:decompress:none)
                  00002732    0000000c     driverlib.lib : cpu.obj (.text:CPUcpsie)
                  0000273e    0000000c     tm4c123gh6pm_startup_ccs.obj (.text)
                  0000274a    00000006     rtsv7M4_T_le_v4SPD16_eabi.lib : copy_decompress_rle.obj (.text:decompress:rle24)
                  00002750    00000004                                   : pre_init.obj (.text)

.const     0    00002754    00000109     
                  00002754    00000101     rtsv7M4_T_le_v4SPD16_eabi.lib : ctype.obj (.const:.string:_ctypes_)
                  00002855    00000004     lcd.obj (.const:.string:lineAddress$1)
                  00002859    00000004     lcd.obj (.const:.string:lineAddresses$2)

.cinit     0    00002860    00000054     
                  00002860    00000016     (.cinit..data.load) [load image, compression = rle]
                  00002876    00000002     --HOLE-- [fill = 0]
                  00002878    0000000b     (.cinit..vtable.load) [load image, compression = rle]
                  00002883    00000005     --HOLE-- [fill = 0]
                  00002888    00000009     (.cinit..bss.load) [load image, compression = rle]
                  00002891    00000003     --HOLE-- [fill = 0]
                  00002894    00000008     (__TI_handler_table)
                  0000289c    00000018     (__TI_cinit_table)

.init_array 
*          0    00000000    00000000     UNINITIALIZED

.vtable    0    20000000    0000026c     UNINITIALIZED
                  20000000    0000026c     driverlib.lib : interrupt.obj (.vtable)

.stack     0    2000026c    00000800     UNINITIALIZED
                  2000026c    00000800     --HOLE--

.bss       0    20000a6c    0000005c     UNINITIALIZED
                  20000a6c    00000054     lcd.obj (.bss:lastbuffer$3)
                  20000ac0    00000004     (.common:falling_time)
                  20000ac4    00000004     (.common:rising_time)

.data      0    20000ac8    0000001c     UNINITIALIZED
                  20000ac8    0000000c     rtsv7M4_T_le_v4SPD16_eabi.lib : exit.obj (.data:$O1$$)
                  20000ad4    00000008                                   : _lock.obj (.data:$O1$$)
                  20000adc    00000004                                   : errno.obj (.data)
                  20000ae0    00000004                                   : stkdepth_vars.obj (.data)

MODULE SUMMARY

       Module                         code   ro data   rw data
       ------                         ----   -------   -------
    .\
       lcd.obj                        764    8         84     
       tm4c123gh6pm_startup_ccs.obj   12     620       0      
       main.obj                       388    0         8      
       Timer.obj                      344    0         0      
    +--+------------------------------+------+---------+---------+
       Total:                         1508   628       92     
                                                              
    C:/ti/TivaWare_C_Series-2.1.2.111/driverlib/ccs/Debug/driverlib.lib
       interrupt.obj                  68     0         620    
       cpu.obj                        12     0         0      
    +--+------------------------------+------+---------+---------+
       Total:                         80     0         620    
                                                              
    C:\ti\ccsv6\tools\compiler\ti-cgt-arm_15.12.1.LTS\lib\rtsv7M4_T_le_v4SPD16_eabi.lib
       _printfi.obj                   4368   0         0      
       ull_div_t2.obj                 500    0         0      
       fd_add_t2.obj                  438    0         0      
       fd_div_t2.obj                  310    0         0      
       fd_cmp_t2.obj                  268    0         0      
       ctype.obj                      0      257       0      
       fd_mul_t2.obj                  252    0         0      
       s_scalbn.obj                   252    0         0      
       memcpy_t2.obj                  156    0         0      
       vsnprintf.obj                  136    0         0      
       memset_t2.obj                  122    0         0      
       autoinit.obj                   112    0         0      
       copy_decompress_rle.obj        112    0         0      
       s_frexp.obj                    100    0         0      
       exit.obj                       84     0         12     
       ltoa.obj                       86     0         0      
       boot.obj                       84     0         0      
       atoi.obj                       76     0         0      
       cpy_tbl.obj                    76     0         0      
       fd_toi_t2.obj                  72     0         0      
       i_tofd_t2.obj                  46     0         0      
       _lock.obj                      20     0         8      
       memccpy.obj                    28     0         0      
       args_main.obj                  24     0         0      
       strcmp.obj                     24     0         0      
       strchr.obj                     22     0         0      
       s_copysign.obj                 20     0         0      
       strcpy.obj                     20     0         0      
       strlen.obj                     20     0         0      
       copy_decompress_none.obj       14     0         0      
       errno.obj                      0      0         4      
       pre_init.obj                   4      0         0      
       stkdepth_vars.obj              0      0         4      
       mpu_init.obj                   2      0         0      
       startup.obj                    2      0         0      
    +--+------------------------------+------+---------+---------+
       Total:                         7850   257       28     
                                                              
       Stack:                         0      0         2048   
       Linker Generated:              0      74        0      
    +--+------------------------------+------+---------+---------+
       Grand Total:                   9438   959       2788   


LINKER GENERATED COPY TABLES

__TI_cinit_table @ 0000289c records: 3, size/record: 8, table size: 24
	.data: load addr=00002860, load size=00000016 bytes, run addr=20000ac8, run size=0000001c bytes, compression=rle
	.vtable: load addr=00002878, load size=0000000b bytes, run addr=20000000, run size=0000026c bytes, compression=rle
	.bss: load addr=00002888, load size=00000009 bytes, run addr=20000a6c, run size=0000005c bytes, compression=rle


LINKER GENERATED HANDLER TABLE

__TI_handler_table @ 00002894 records: 2, size/record: 4, table size: 8
	index: 0, handler: __TI_decompress_rle24
	index: 1, handler: __TI_decompress_none


GLOBAL SYMBOLS: SORTED ALPHABETICALLY BY Name 

address   name                           
-------   ----                           
000024b9  C$$EXIT                        
00002733  CPUcpsie                       
00002705  IntMasterEnable                
000025ed  IntRegister                    
0000273f  ResetISR                       
UNDEFED   SHT$$INIT_ARRAY$$Base          
UNDEFED   SHT$$INIT_ARRAY$$Limit         
00001a47  TIMER3B_Handler                
20000a6c  __STACK_END                    
00000800  __STACK_SIZE                   
2000046c  __STACK_TOP                    
0000289c  __TI_CINIT_Base                
000028b4  __TI_CINIT_Limit               
00002894  __TI_Handler_Table_Base        
0000289c  __TI_Handler_Table_Limit       
000022cd  __TI_auto_init                 
20000ac8  __TI_cleanup_ptr               
00002725  __TI_decompress_none           
0000274b  __TI_decompress_rle24          
20000acc  __TI_dtors_ptr                 
20000ad0  __TI_enable_exit_profile_output
ffffffff  __TI_pprof_out_hndl            
00001077  __TI_printfi                   
ffffffff  __TI_prof_data_size            
ffffffff  __TI_prof_data_start           
00000000  __TI_static_base__             
00002145  __aeabi_cdcmpeq                
00002145  __aeabi_cdcmple                
000021cb  __aeabi_cdrcmple               
000025a5  __aeabi_d2iz                   
00001867  __aeabi_dadd                   
00001cf1  __aeabi_ddiv                   
00001e27  __aeabi_dmul                   
0000185d  __aeabi_dsub                   
00002621  __aeabi_i2d                    
00002251  __aeabi_memclr                 
00002251  __aeabi_memclr4                
00002251  __aeabi_memclr8                
00002021  __aeabi_memcpy                 
00002021  __aeabi_memcpy4                
00002021  __aeabi_memcpy8                
00002253  __aeabi_memset                 
00002253  __aeabi_memset4                
00002253  __aeabi_memset8                
00001669  __aeabi_uldivmod               
ffffffff  __binit__                      
ffffffff  __c_args__                     
00001a13  __mpu_init                     
2000026c  __stack                        
0000266d  _args_main                     
00002465  _c_int00                       
00002754  _ctypes_                       
20000ad4  _lock                          
000026c3  _nop                           
000026bb  _register_lock                 
000026b5  _register_unlock               
00001f23  _system_post_cinit             
00002751  _system_pre_init               
20000ad8  _unlock                        
000024bd  abort                          
0000250d  atoi                           
ffffffff  binit                          
00001a89  clock_timer_init               
00002559  copy_in                        
000026c9  copysign                       
000026c9  copysignl                      
20000adc  errno                          
000024c5  exit                           
20000ac0  falling_time                   
000023a9  frexp                          
000023a9  frexpl                         
20000000  g_pfnRAMVectors                
00000000  g_pfnVectors                   
00002715  lcd_clear                      
00001515  lcd_gotoLine                   
0000137d  lcd_init                       
0000157b  lcd_printf                     
0000143d  lcd_putc                       
00001475  lcd_puts                       
00001493  lcd_sendCommand                
000014d1  lcd_sendNibble                 
0000153d  lcd_setCursorPos               
00001f25  ldexp                          
00001f25  ldexpl                         
0000240d  ltoa                           
00001a15  main                           
20000ae0  main_func_sp                   
0000264f  memccpy                        
00002021  memcpy                         
00002259  memset                         
00001a73  ping_read                      
20000ac4  rising_time                    
00001f25  scalbn                         
00001f25  scalbnl                        
00001ad5  send_pulse                     
0000269d  strchr                         
00002685  strcmp                         
000026dd  strcpy                         
000026f1  strlen                         
00001b3f  time2dist                      
00001ca9  timer_getClock                 
00001c5d  timer_startClock               
00001bf7  timer_startTimer               
00001caf  timer_stopClock                
00001c47  timer_stopTimer                
00001bcd  timer_waitMicros               
00001b99  timer_waitMillis               
000020bd  vsnprintf                      


GLOBAL SYMBOLS: SORTED BY Symbol Address 

address   name                           
-------   ----                           
00000000  __TI_static_base__             
00000000  g_pfnVectors                   
00000800  __STACK_SIZE                   
00001077  __TI_printfi                   
0000137d  lcd_init                       
0000143d  lcd_putc                       
00001475  lcd_puts                       
00001493  lcd_sendCommand                
000014d1  lcd_sendNibble                 
00001515  lcd_gotoLine                   
0000153d  lcd_setCursorPos               
0000157b  lcd_printf                     
00001669  __aeabi_uldivmod               
0000185d  __aeabi_dsub                   
00001867  __aeabi_dadd                   
00001a13  __mpu_init                     
00001a15  main                           
00001a47  TIMER3B_Handler                
00001a73  ping_read                      
00001a89  clock_timer_init               
00001ad5  send_pulse                     
00001b3f  time2dist                      
00001b99  timer_waitMillis               
00001bcd  timer_waitMicros               
00001bf7  timer_startTimer               
00001c47  timer_stopTimer                
00001c5d  timer_startClock               
00001ca9  timer_getClock                 
00001caf  timer_stopClock                
00001cf1  __aeabi_ddiv                   
00001e27  __aeabi_dmul                   
00001f23  _system_post_cinit             
00001f25  ldexp                          
00001f25  ldexpl                         
00001f25  scalbn                         
00001f25  scalbnl                        
00002021  __aeabi_memcpy                 
00002021  __aeabi_memcpy4                
00002021  __aeabi_memcpy8                
00002021  memcpy                         
000020bd  vsnprintf                      
00002145  __aeabi_cdcmpeq                
00002145  __aeabi_cdcmple                
000021cb  __aeabi_cdrcmple               
00002251  __aeabi_memclr                 
00002251  __aeabi_memclr4                
00002251  __aeabi_memclr8                
00002253  __aeabi_memset                 
00002253  __aeabi_memset4                
00002253  __aeabi_memset8                
00002259  memset                         
000022cd  __TI_auto_init                 
000023a9  frexp                          
000023a9  frexpl                         
0000240d  ltoa                           
00002465  _c_int00                       
000024b9  C$$EXIT                        
000024bd  abort                          
000024c5  exit                           
0000250d  atoi                           
00002559  copy_in                        
000025a5  __aeabi_d2iz                   
000025ed  IntRegister                    
00002621  __aeabi_i2d                    
0000264f  memccpy                        
0000266d  _args_main                     
00002685  strcmp                         
0000269d  strchr                         
000026b5  _register_unlock               
000026bb  _register_lock                 
000026c3  _nop                           
000026c9  copysign                       
000026c9  copysignl                      
000026dd  strcpy                         
000026f1  strlen                         
00002705  IntMasterEnable                
00002715  lcd_clear                      
00002725  __TI_decompress_none           
00002733  CPUcpsie                       
0000273f  ResetISR                       
0000274b  __TI_decompress_rle24          
00002751  _system_pre_init               
00002754  _ctypes_                       
00002894  __TI_Handler_Table_Base        
0000289c  __TI_CINIT_Base                
0000289c  __TI_Handler_Table_Limit       
000028b4  __TI_CINIT_Limit               
20000000  g_pfnRAMVectors                
2000026c  __stack                        
2000046c  __STACK_TOP                    
20000a6c  __STACK_END                    
20000ac0  falling_time                   
20000ac4  rising_time                    
20000ac8  __TI_cleanup_ptr               
20000acc  __TI_dtors_ptr                 
20000ad0  __TI_enable_exit_profile_output
20000ad4  _lock                          
20000ad8  _unlock                        
20000adc  errno                          
20000ae0  main_func_sp                   
ffffffff  __TI_pprof_out_hndl            
ffffffff  __TI_prof_data_size            
ffffffff  __TI_prof_data_start           
ffffffff  __binit__                      
ffffffff  __c_args__                     
ffffffff  binit                          
UNDEFED   SHT$$INIT_ARRAY$$Base          
UNDEFED   SHT$$INIT_ARRAY$$Limit         

[108 symbols]
